###############################################################################
#
# IAR ELF Linker V9.50.1.380/W64 for ARM                  21/Apr/2024  19:33:02
# Copyright 2007-2023 IAR Systems AB.
#
#    Output file  =
#        D:\Files\SJTU\second_second\engineering4-D\HSPv2 _C8\Debug\Exe\HSP.out
#    Map file     =
#        D:\Files\SJTU\second_second\engineering4-D\HSPv2
#        _C8\Debug\List\HSP.map
#    Command line =
#        -f "D:\Files\SJTU\second_second\engineering4-D\HSPv2
#        _C8\Debug\Exe\HSP.out.rsp"
#        ("D:\Files\SJTU\second_second\engineering4-D\HSPv2
#        _C8\Debug\Obj\App_2489385672134236918.dir\00_MENU.o"
#        "D:\Files\SJTU\second_second\engineering4-D\HSPv2
#        _C8\Debug\Obj\App_2489385672134236918.dir\Ex1_gpio.o"
#        "D:\Files\SJTU\second_second\engineering4-D\HSPv2
#        _C8\Debug\Obj\App_2489385672134236918.dir\Ex2_I2c.o"
#        "D:\Files\SJTU\second_second\engineering4-D\HSPv2
#        _C8\Debug\Obj\App_2489385672134236918.dir\Ex3_tft18.o"
#        "D:\Files\SJTU\second_second\engineering4-D\HSPv2
#        _C8\Debug\Obj\App_2489385672134236918.dir\Ex4_adc.o"
#        "D:\Files\SJTU\second_second\engineering4-D\HSPv2
#        _C8\Debug\Obj\App_2489385672134236918.dir\Ex5_uart.o"
#        "D:\Files\SJTU\second_second\engineering4-D\HSPv2
#        _C8\Debug\Obj\App_2489385672134236918.dir\Ex6_pwm.o"
#        "D:\Files\SJTU\second_second\engineering4-D\HSPv2
#        _C8\Debug\Obj\App_2489385672134236918.dir\Ex7_dci.o"
#        "D:\Files\SJTU\second_second\engineering4-D\HSPv2
#        _C8\Debug\Obj\App_2489385672134236918.dir\Ex8_rtc.o"
#        "D:\Files\SJTU\second_second\engineering4-D\HSPv2
#        _C8\Debug\Obj\GD32F470_Peripherals_11143062579488607573.dir\gd32f4xx_adc.o"
#        "D:\Files\SJTU\second_second\engineering4-D\HSPv2
#        _C8\Debug\Obj\GD32F470_Peripherals_11143062579488607573.dir\gd32f4xx_can.o"
#        "D:\Files\SJTU\second_second\engineering4-D\HSPv2
#        _C8\Debug\Obj\GD32F470_Peripherals_11143062579488607573.dir\gd32f4xx_crc.o"
#        "D:\Files\SJTU\second_second\engineering4-D\HSPv2
#        _C8\Debug\Obj\GD32F470_Peripherals_11143062579488607573.dir\gd32f4xx_ctc.o"
#        "D:\Files\SJTU\second_second\engineering4-D\HSPv2
#        _C8\Debug\Obj\GD32F470_Peripherals_11143062579488607573.dir\gd32f4xx_dac.o"
#        "D:\Files\SJTU\second_second\engineering4-D\HSPv2
#        _C8\Debug\Obj\GD32F470_Peripherals_11143062579488607573.dir\gd32f4xx_dbg.o"
#        "D:\Files\SJTU\second_second\engineering4-D\HSPv2
#        _C8\Debug\Obj\GD32F470_Peripherals_11143062579488607573.dir\gd32f4xx_dci.o"
#        "D:\Files\SJTU\second_second\engineering4-D\HSPv2
#        _C8\Debug\Obj\GD32F470_Peripherals_11143062579488607573.dir\gd32f4xx_dma.o"
#        "D:\Files\SJTU\second_second\engineering4-D\HSPv2
#        _C8\Debug\Obj\GD32F470_Peripherals_11143062579488607573.dir\gd32f4xx_enet.o"
#        "D:\Files\SJTU\second_second\engineering4-D\HSPv2
#        _C8\Debug\Obj\GD32F470_Peripherals_11143062579488607573.dir\gd32f4xx_exmc.o"
#        "D:\Files\SJTU\second_second\engineering4-D\HSPv2
#        _C8\Debug\Obj\GD32F470_Peripherals_11143062579488607573.dir\gd32f4xx_exti.o"
#        "D:\Files\SJTU\second_second\engineering4-D\HSPv2
#        _C8\Debug\Obj\GD32F470_Peripherals_11143062579488607573.dir\gd32f4xx_fmc.o"
#        "D:\Files\SJTU\second_second\engineering4-D\HSPv2
#        _C8\Debug\Obj\GD32F470_Peripherals_11143062579488607573.dir\gd32f4xx_fwdgt.o"
#        "D:\Files\SJTU\second_second\engineering4-D\HSPv2
#        _C8\Debug\Obj\GD32F470_Peripherals_11143062579488607573.dir\gd32f4xx_gpio.o"
#        "D:\Files\SJTU\second_second\engineering4-D\HSPv2
#        _C8\Debug\Obj\GD32F470_Peripherals_11143062579488607573.dir\gd32f4xx_i2c.o"
#        "D:\Files\SJTU\second_second\engineering4-D\HSPv2
#        _C8\Debug\Obj\GD32F470_Peripherals_11143062579488607573.dir\gd32f4xx_ipa.o"
#        "D:\Files\SJTU\second_second\engineering4-D\HSPv2
#        _C8\Debug\Obj\GD32F470_Peripherals_11143062579488607573.dir\gd32f4xx_iref.o"
#        "D:\Files\SJTU\second_second\engineering4-D\HSPv2
#        _C8\Debug\Obj\Main_13238667732884069010.dir\gd32f4xx_it.o"
#        "D:\Files\SJTU\second_second\engineering4-D\HSPv2
#        _C8\Debug\Obj\GD32F470_Peripherals_11143062579488607573.dir\gd32f4xx_misc.o"
#        "D:\Files\SJTU\second_second\engineering4-D\HSPv2
#        _C8\Debug\Obj\GD32F470_Peripherals_11143062579488607573.dir\gd32f4xx_pmu.o"
#        "D:\Files\SJTU\second_second\engineering4-D\HSPv2
#        _C8\Debug\Obj\GD32F470_Peripherals_11143062579488607573.dir\gd32f4xx_rcu.o"
#        "D:\Files\SJTU\second_second\engineering4-D\HSPv2
#        _C8\Debug\Obj\GD32F470_Peripherals_11143062579488607573.dir\gd32f4xx_rtc.o"
#        "D:\Files\SJTU\second_second\engineering4-D\HSPv2
#        _C8\Debug\Obj\GD32F470_Peripherals_11143062579488607573.dir\gd32f4xx_sdio.o"
#        "D:\Files\SJTU\second_second\engineering4-D\HSPv2
#        _C8\Debug\Obj\GD32F470_Peripherals_11143062579488607573.dir\gd32f4xx_spi.o"
#        "D:\Files\SJTU\second_second\engineering4-D\HSPv2
#        _C8\Debug\Obj\GD32F470_Peripherals_11143062579488607573.dir\gd32f4xx_syscfg.o"
#        "D:\Files\SJTU\second_second\engineering4-D\HSPv2
#        _C8\Debug\Obj\GD32F470_Peripherals_11143062579488607573.dir\gd32f4xx_timer.o"
#        "D:\Files\SJTU\second_second\engineering4-D\HSPv2
#        _C8\Debug\Obj\GD32F470_Peripherals_11143062579488607573.dir\gd32f4xx_tli.o"
#        "D:\Files\SJTU\second_second\engineering4-D\HSPv2
#        _C8\Debug\Obj\GD32F470_Peripherals_11143062579488607573.dir\gd32f4xx_trng.o"
#        "D:\Files\SJTU\second_second\engineering4-D\HSPv2
#        _C8\Debug\Obj\GD32F470_Peripherals_11143062579488607573.dir\gd32f4xx_usart.o"
#        "D:\Files\SJTU\second_second\engineering4-D\HSPv2
#        _C8\Debug\Obj\GD32F470_Peripherals_11143062579488607573.dir\gd32f4xx_wwdgt.o"
#        "D:\Files\SJTU\second_second\engineering4-D\HSPv2
#        _C8\Debug\Obj\Utilities_17002154029713865955.dir\GFX_FUNCTIONS.o"
#        "D:\Files\SJTU\second_second\engineering4-D\HSPv2
#        _C8\Debug\Obj\Board_7221520210927654578.dir\hsp_adc.o"
#        "D:\Files\SJTU\second_second\engineering4-D\HSPv2
#        _C8\Debug\Obj\Utilities_17002154029713865955.dir\HSP_CAT9555.o"
#        "D:\Files\SJTU\second_second\engineering4-D\HSPv2
#        _C8\Debug\Obj\Utilities_17002154029713865955.dir\HSP_COMM.o"
#        "D:\Files\SJTU\second_second\engineering4-D\HSPv2
#        _C8\Debug\Obj\Board_7221520210927654578.dir\hsp_dci.o"
#        "D:\Files\SJTU\second_second\engineering4-D\HSPv2
#        _C8\Debug\Obj\Utilities_17002154029713865955.dir\HSP_ENCODER.o"
#        "D:\Files\SJTU\second_second\engineering4-D\HSPv2
#        _C8\Debug\Obj\Utilities_17002154029713865955.dir\HSP_GD25Q64.o"
#        "D:\Files\SJTU\second_second\engineering4-D\HSPv2
#        _C8\Debug\Obj\Board_7221520210927654578.dir\hsp_gpio.o"
#        "D:\Files\SJTU\second_second\engineering4-D\HSPv2
#        _C8\Debug\Obj\Board_7221520210927654578.dir\hsp_i2c.o"
#        "D:\Files\SJTU\second_second\engineering4-D\HSPv2
#        _C8\Debug\Obj\Utilities_17002154029713865955.dir\HSP_MMA8451.o"
#        "D:\Files\SJTU\second_second\engineering4-D\HSPv2
#        _C8\Debug\Obj\Utilities_17002154029713865955.dir\HSP_MOTOR.o"
#        "D:\Files\SJTU\second_second\engineering4-D\HSPv2
#        _C8\Debug\Obj\Utilities_17002154029713865955.dir\HSP_MT9V034.o"
#        "D:\Files\SJTU\second_second\engineering4-D\HSPv2
#        _C8\Debug\Obj\Board_7221520210927654578.dir\hsp_rtc.o"
#        "D:\Files\SJTU\second_second\engineering4-D\HSPv2
#        _C8\Debug\Obj\Board_7221520210927654578.dir\hsp_spi.o"
#        "D:\Files\SJTU\second_second\engineering4-D\HSPv2
#        _C8\Debug\Obj\Utilities_17002154029713865955.dir\HSP_TFCARD.o"
#        "D:\Files\SJTU\second_second\engineering4-D\HSPv2
#        _C8\Debug\Obj\Utilities_17002154029713865955.dir\HSP_TFT18.o"
#        "D:\Files\SJTU\second_second\engineering4-D\HSPv2
#        _C8\Debug\Obj\Board_7221520210927654578.dir\hsp_timer.o"
#        "D:\Files\SJTU\second_second\engineering4-D\HSPv2
#        _C8\Debug\Obj\Utilities_17002154029713865955.dir\HSP_TSL1401.o"
#        "D:\Files\SJTU\second_second\engineering4-D\HSPv2
#        _C8\Debug\Obj\Board_7221520210927654578.dir\hsp_uart.o"
#        "D:\Files\SJTU\second_second\engineering4-D\HSPv2
#        _C8\Debug\Obj\Utilities_17002154029713865955.dir\HSP_WRITE.o"
#        "D:\Files\SJTU\second_second\engineering4-D\HSPv2
#        _C8\Debug\Obj\App_2489385672134236918.dir\Lab1_hmi.o"
#        "D:\Files\SJTU\second_second\engineering4-D\HSPv2
#        _C8\Debug\Obj\App_2489385672134236918.dir\Lab2_sensor.o"
#        "D:\Files\SJTU\second_second\engineering4-D\HSPv2
#        _C8\Debug\Obj\App_2489385672134236918.dir\Lab3_ccd.o"
#        "D:\Files\SJTU\second_second\engineering4-D\HSPv2
#        _C8\Debug\Obj\App_2489385672134236918.dir\Lab4_motor.o"
#        "D:\Files\SJTU\second_second\engineering4-D\HSPv2
#        _C8\Debug\Obj\Main_13238667732884069010.dir\main.o"
#        "D:\Files\SJTU\second_second\engineering4-D\HSPv2
#        _C8\Debug\Obj\App_2489385672134236918.dir\Project1_LineFollower.o"
#        "D:\Files\SJTU\second_second\engineering4-D\HSPv2
#        _C8\Debug\Obj\Startup_17868067532763321386.dir\startup_gd32f450_470.o"
#        "D:\Files\SJTU\second_second\engineering4-D\HSPv2
#        _C8\Debug\Obj\CMSIS_13545061835669826545.dir\system_gd32f4xx.o"
#        "D:\Files\SJTU\second_second\engineering4-D\HSPv2
#        _C8\Debug\Obj\Main_13238667732884069010.dir\systick.o" --redirect
#        _Printf=_PrintfFullNoMb --redirect _Scanf=_ScanfFullNoMb
#        --no_out_extension -o
#        "D:\Files\SJTU\second_second\engineering4-D\HSPv2
#        _C8\Debug\Exe\HSP.out" --map
#        "D:\Files\SJTU\second_second\engineering4-D\HSPv2
#        _C8\Debug\List\HSP.map" --config "D:\Program Files\IAR
#        Systems\Embedded Workbench 9.2\arm/config/linker/GD/GD32F470xG.icf"
#        --semihosting --entry __iar_program_start --redirect
#        __write=__write_buffered --vfe --text_out locale --cpu=Cortex-M4
#        --fpu=VFPv4_sp) --dependencies=n
#        "D:\Files\SJTU\second_second\engineering4-D\HSPv2
#        _C8\Debug\Exe\HSP.out.iar_deps"
#
###############################################################################

*******************************************************************************
*** RUNTIME MODEL ATTRIBUTES
***

CppFlavor       = *
__CPP_Runtime   = 1
__SystemLibrary = DLib
__dlib_version  = 6


*******************************************************************************
*** HEAP SELECTION
***

The basic heap was selected because --advanced_heap
was not specified and the application did not appear to
be primarily optimized for speed.


*******************************************************************************
*** PLACEMENT SUMMARY
***

"A0":  place at address 0x800'0000 { ro section .intvec };
"P1":  place in [from 0x800'0000 to 0x80f'ffff] { ro };
define block CSTACK with size = 8K, alignment = 8 { };
define block HEAP with size = 8K, alignment = 8 { };
"P2":  place in [from 0x2000'0000 to 0x2006'ffff] {
          rw, block CSTACK, block HEAP };
initialize by copy { rw };

No sections matched the following patterns:

  section .sram  in "P3"


  Section            Kind         Address  Aligment      Size  Object
  -------            ----         -------  --------      ----  ------
"A0":                                                   0x1ac
  .intvec            ro code   0x800'0000         4     0x1ac  startup_gd32f450_470.o [6]
                             - 0x800'01ac               0x1ac

"P1":                                                0x1'37fb
  .rodata            const     0x800'01ac         4    0xa000  Ex3_tft18.o [1]
  .text              ro code   0x800'a1ac         4    0x1030  00_MENU.o [1]
  .text              ro code   0x800'b1dc         4      0xf0  hsp_spi.o [2]
  .text              ro code   0x800'b2cc         4     0x938  HSP_TFT18.o [7]
  .text              ro code   0x800'bc04         4     0x17a  gd32f4xx_gpio.o [4]
  .text              ro code   0x800'bd7e         2      0x7e  lz77_init_single.o [10]
  .text              ro code   0x800'bdfc         4      0xb8  systick.o [5]
  .text              ro code   0x800'beb4         4     0x3dc  gd32f4xx_rcu.o [4]
  .text              ro code   0x800'c290         4      0x10  gd32f4xx_pmu.o [4]
  .text              ro code   0x800'c2a0         4     0x224  gd32f4xx_rtc.o [4]
  .text              ro code   0x800'c4c4         4     0x18c  hsp_rtc.o [2]
  .text              ro code   0x800'c650         4      0x40  sprintf.o [8]
  .text              ro code   0x800'c690         4     0x44a  hsp_i2c.o [2]
  .text              ro code   0x800'cada         2       0xa  xsprout.o [8]
  .text              ro code   0x800'cae4         4      0x34  HSP_CAT9555.o [7]
  .text              ro code   0x800'cb18         4     0x1e4  hsp_gpio.o [2]
  .text              ro code   0x800'ccfc         4      0x6a  gd32f4xx_spi.o [4]
  .rodata            const     0x800'cd66         2       0x2  xlocale_c.o [8]
  .text              ro code   0x800'cd68         4     0x618  gd32f4xx_dma.o [4]
  .text              ro code   0x800'd380         4      0xa6  ABImemcpy.o [10]
  .rodata            const     0x800'd426                 0x1  xlocale_c.o [8]
  .text              ro code   0x800'd428         4     0xeca  xprintffull_nomb.o [8]
  .text              ro code   0x800'e2f4         4     0x294  gd32f4xx_i2c.o [4]
  .text              ro code   0x800'e588         4      0x16  strchr.o [10]
  .text              ro code   0x800'e5a0         4      0x40  xfail_s.o [8]
  .text              ro code   0x800'e5e0         4      0x36  strlen.o [10]
  .text              ro code   0x800'e618         4      0x58  memchr.o [10]
  .text              ro code   0x800'e670         4      0x70  frexp.o [9]
  .text              ro code   0x800'e6e0         4      0x34  DblCmpLe.o [9]
  .text              ro code   0x800'e714         4      0x34  DblCmpGe.o [9]
  .text              ro code   0x800'e748         4     0x13a  ldexp.o [9]
  .text              ro code   0x800'e884         4      0x36  DblToS32.o [9]
  .text              ro code   0x800'e8bc         4      0x22  S32ToDbl.o [9]
  .text              ro code   0x800'e8e0         4     0x25e  DblAddSub.o [9]
  .text              ro code   0x800'eb40         4     0x246  DblDiv.o [9]
  .text              ro code   0x800'ed88         4      0x22  DblToU32.o [9]
  .text              ro code   0x800'edac         4      0x1c  U32ToDbl.o [9]
  .text              ro code   0x800'edc8         4     0x1aa  DblMul.o [9]
  .text              ro code   0x800'ef74         4       0x8  xlocale_c.o [8]
  .text              ro code   0x800'ef7c         4     0x230  I64DivMod.o [10]
  .text              ro code   0x800'f1ac         2       0x6  abort.o [8]
  .text              ro code   0x800'f1b4         4       0x2  I64DivZer.o [10]
  .text              ro code   0x800'f1b8         4      0x14  exit.o [11]
  .text              ro code   0x800'f1cc         4     0xb42  gd32f4xx_timer.o [4]
  .text              ro code   0x800'fd10         4     0x864  HSP_MT9V034.o [7]
  .text              ro code   0x801'0574         4     0x2a0  hsp_dci.o [2]
  .text              ro code   0x801'0814         4      0x68  DblToFlt.o [9]
  .text              ro code   0x801'087c         4      0x4c  gd32f4xx_dci.o [4]
  .text              ro code   0x801'08c8         4      0xe8  gd32f4xx_misc.o [4]
  .rodata            const     0x801'09b0         4     0x5f0  HSP_TFT18.o [7]
  .text              ro code   0x801'0fa0         4     0x4c0  HSP_MMA8451.o [7]
  .text              ro code   0x801'1460         4      0x28  printf.o [8]
  .text              ro code   0x801'1488         4     0x440  Project1_LineFollower.o [1]
  .text              ro code   0x801'18c8         4     0x3cc  hsp_timer.o [2]
  .text              ro code   0x801'1c94         4     0x13c  HSP_MOTOR.o [7]
  .text              ro code   0x801'1dd0         4     0x19c  Ex7_dci.o [1]
  .text              ro code   0x801'1f6c         4      0x66  ABImemset.o [10]
  .text              ro code   0x801'1fd4         4     0x348  gd32f4xx_adc.o [4]
  .text              ro code   0x801'231c         4     0x2f4  Lab3_ccd.o [1]
  .text              ro code   0x801'2610         4     0x1ce  HSP_TSL1401.o [7]
  .text              ro code   0x801'27e0         4     0x14c  hsp_adc.o [2]
  .text              ro code   0x801'292c         4     0x1f4  Ex2_I2c.o [1]
  .text              ro code   0x801'2b20         4     0x102  sqrt.o [9]
  .rodata            const     0x801'2c24         4     0x198  HSP_TFT18.o [7]
  .text              ro code   0x801'2dbc         4     0x170  Ex6_pwm.o [1]
  .text              ro code   0x801'2f2c         4     0x15c  system_gd32f4xx.o [3]
  .text              ro code   0x801'3088         4      0xb8  xxwritebuffered.o [8]
  .text              ro code   0x801'3140         4      0x3c  HSP_WRITE.o [7]
  .text              ro code   0x801'317c         4      0x2e  gd32f4xx_usart.o [4]
  .text              ro code   0x801'31ac         4      0xac  gd32f4xx_it.o [5]
  .text              ro code   0x801'3258         4      0x20  gd32f4xx_exti.o [4]
  .text              ro code   0x801'3278         4      0x8c  main.o [5]
  .text              ro code   0x801'3304         4      0x2c  Ex3_tft18.o [1]
  .rodata            const     0x801'3330         4      0x80  00_MENU.o [1]
  .text              ro code   0x801'33b0         4      0x44  putchar.o [8]
  .text              ro code   0x801'33f4         4      0x40  xcloseall.o [8]
  .text              ro code   0x801'3434         2      0x38  zero_init3.o [10]
  .text              ro code   0x801'346c         4      0x2a  data_init.o [10]
  .text              ro code   0x801'3498         4      0x22  fpinit_M.o [9]
  .iar.init_table    const     0x801'34bc         4      0x28  - Linker created -
  .rodata            const     0x801'34e4         4      0x20  00_MENU.o [1]
  .rodata            const     0x801'3504         4      0x20  00_MENU.o [1]
  .text              ro code   0x801'3524         4      0x1e  cmain.o [10]
  .text              ro code   0x801'3542         2       0x4  low_level_init.o [8]
  .text              ro code   0x801'3546         2       0x4  exit.o [8]
  .text              ro code   0x801'354c         4       0xe  cexit.o [10]
  .text              ro code   0x801'355c         4      0x1c  cstartup_M.o [10]
  .rodata            const     0x801'3578         4      0x18  00_MENU.o [1]
  .rodata            const     0x801'3590         4      0x18  00_MENU.o [1]
  .rodata            const     0x801'35a8         4      0x18  00_MENU.o [1]
  .rodata            const     0x801'35c0         4      0x18  00_MENU.o [1]
  .rodata            const     0x801'35d8         4      0x18  HSP_MMA8451.o [7]
  .rodata            const     0x801'35f0         4      0x18  HSP_MT9V034.o [7]
  .rodata            const     0x801'3608         4      0x18  Lab3_ccd.o [1]
  .rodata            const     0x801'3620         4      0x18  Lab3_ccd.o [1]
  .rodata            const     0x801'3638         4      0x18  Lab3_ccd.o [1]
  .text              ro code   0x801'3650         2      0x16  xprout.o [8]
  .rodata            const     0x801'3668         4      0x14  HSP_MT9V034.o [7]
  .rodata            const     0x801'367c         4      0x10  gd32f4xx_rcu.o [4]
  .rodata            const     0x801'368c         4      0x10  HSP_MT9V034.o [7]
  .text              ro code   0x801'369c         4      0x10  startup_gd32f450_470.o [6]
  .rodata            const     0x801'36ac         4       0xc  00_MENU.o [1]
  .rodata            const     0x801'36b8         4       0xc  00_MENU.o [1]
  .rodata            const     0x801'36c4         4       0xc  00_MENU.o [1]
  .rodata            const     0x801'36d0         4       0xc  00_MENU.o [1]
  .rodata            const     0x801'36dc         4       0xc  00_MENU.o [1]
  .rodata            const     0x801'36e8         4       0xc  00_MENU.o [1]
  .rodata            const     0x801'36f4         4       0xc  00_MENU.o [1]
  .rodata            const     0x801'3700         4       0x8  00_MENU.o [1]
  .rodata            const     0x801'3708         4       0x8  00_MENU.o [1]
  .rodata            const     0x801'3710         4       0x8  00_MENU.o [1]
  .rodata            const     0x801'3718         4       0x8  00_MENU.o [1]
  .rodata            const     0x801'3720         4       0x8  00_MENU.o [1]
  .rodata            const     0x801'3728         4       0x8  00_MENU.o [1]
  .rodata            const     0x801'3730         4       0x8  gd32f4xx_rcu.o [4]
  .rodata            const     0x801'3738         4       0x8  gd32f4xx_rcu.o [4]
  .rodata            const     0x801'3740         4       0x8  HSP_MT9V034.o [7]
  .rodata            const     0x801'3748         4       0x4  Project1_LineFollower.o [1]
  .rodata            const     0x801'3750         8       0x8  Project1_LineFollower.o [1]
  .rodata            const     0x801'3758         8       0x8  Project1_LineFollower.o [1]
  .text              ro code   0x801'3760         2       0x4  startup_gd32f450_470.o [6]
  .text              ro code   0x801'3764         2       0x4  startup_gd32f450_470.o [6]
  .text              ro code   0x801'3768         2       0x4  startup_gd32f450_470.o [6]
  .text              ro code   0x801'376c         2       0x4  startup_gd32f450_470.o [6]
  .text              ro code   0x801'3770         2       0x4  startup_gd32f450_470.o [6]
  .text              ro code   0x801'3774         2       0x4  startup_gd32f450_470.o [6]
  .text              ro code   0x801'3778         2       0x4  startup_gd32f450_470.o [6]
  .text              ro code   0x801'377c         2       0x4  startup_gd32f450_470.o [6]
  .text              ro code   0x801'3780         2       0x4  startup_gd32f450_470.o [6]
  .text              ro code   0x801'3784         2       0x4  startup_gd32f450_470.o [6]
  .text              ro code   0x801'3788         2       0x4  startup_gd32f450_470.o [6]
  .text              ro code   0x801'378c         2       0x4  startup_gd32f450_470.o [6]
  .text              ro code   0x801'3790         2       0x4  startup_gd32f450_470.o [6]
  .text              ro code   0x801'3794         2       0x4  startup_gd32f450_470.o [6]
  .text              ro code   0x801'3798         2       0x4  startup_gd32f450_470.o [6]
  .text              ro code   0x801'379c         2       0x4  startup_gd32f450_470.o [6]
  .text              ro code   0x801'37a0         2       0x4  startup_gd32f450_470.o [6]
  .text              ro code   0x801'37a4         2       0x4  startup_gd32f450_470.o [6]
  .text              ro code   0x801'37a8         2       0x4  startup_gd32f450_470.o [6]
  .text              ro code   0x801'37ac         2       0x4  startup_gd32f450_470.o [6]
  .text              ro code   0x801'37b0         2       0x4  startup_gd32f450_470.o [6]
  .text              ro code   0x801'37b4         2       0x4  startup_gd32f450_470.o [6]
  .text              ro code   0x801'37b8         2       0x4  startup_gd32f450_470.o [6]
  .text              ro code   0x801'37bc         2       0x4  startup_gd32f450_470.o [6]
  .text              ro code   0x801'37c0         2       0x4  startup_gd32f450_470.o [6]
  .text              ro code   0x801'37c4         2       0x4  startup_gd32f450_470.o [6]
  .text              ro code   0x801'37c8         2       0x4  startup_gd32f450_470.o [6]
  .text              ro code   0x801'37cc         2       0x4  startup_gd32f450_470.o [6]
  .text              ro code   0x801'37d0         2       0x4  startup_gd32f450_470.o [6]
  .text              ro code   0x801'37d4         2       0x4  startup_gd32f450_470.o [6]
  .text              ro code   0x801'37d8         2       0x4  startup_gd32f450_470.o [6]
  .text              ro code   0x801'37dc         2       0x4  startup_gd32f450_470.o [6]
  .text              ro code   0x801'37e0         2       0x4  startup_gd32f450_470.o [6]
  .text              ro code   0x801'37e4         2       0x4  startup_gd32f450_470.o [6]
  .text              ro code   0x801'37e8         2       0x4  startup_gd32f450_470.o [6]
  .text              ro code   0x801'37ec         2       0x4  startup_gd32f450_470.o [6]
  .text              ro code   0x801'37f0         2       0x4  startup_gd32f450_470.o [6]
  .text              ro code   0x801'37f4         2       0x4  startup_gd32f450_470.o [6]
  .text              ro code   0x801'37f8         2       0x4  startup_gd32f450_470.o [6]
  .text              ro code   0x801'37fc         2       0x4  startup_gd32f450_470.o [6]
  .text              ro code   0x801'3800         2       0x4  startup_gd32f450_470.o [6]
  .text              ro code   0x801'3804         2       0x4  startup_gd32f450_470.o [6]
  .text              ro code   0x801'3808         2       0x4  startup_gd32f450_470.o [6]
  .text              ro code   0x801'380c         2       0x4  startup_gd32f450_470.o [6]
  .text              ro code   0x801'3810         2       0x4  startup_gd32f450_470.o [6]
  .text              ro code   0x801'3814         2       0x4  startup_gd32f450_470.o [6]
  .text              ro code   0x801'3818         2       0x4  startup_gd32f450_470.o [6]
  .text              ro code   0x801'381c         2       0x4  startup_gd32f450_470.o [6]
  .text              ro code   0x801'3820         2       0x4  startup_gd32f450_470.o [6]
  .text              ro code   0x801'3824         2       0x4  startup_gd32f450_470.o [6]
  .text              ro code   0x801'3828         2       0x4  startup_gd32f450_470.o [6]
  .text              ro code   0x801'382c         2       0x4  startup_gd32f450_470.o [6]
  .text              ro code   0x801'3830         2       0x4  startup_gd32f450_470.o [6]
  .text              ro code   0x801'3834         2       0x4  startup_gd32f450_470.o [6]
  .text              ro code   0x801'3838         2       0x4  startup_gd32f450_470.o [6]
  .text              ro code   0x801'383c         2       0x4  startup_gd32f450_470.o [6]
  .text              ro code   0x801'3840         2       0x4  startup_gd32f450_470.o [6]
  .text              ro code   0x801'3844         2       0x4  startup_gd32f450_470.o [6]
  .text              ro code   0x801'3848         2       0x4  startup_gd32f450_470.o [6]
  .text              ro code   0x801'384c         2       0x4  startup_gd32f450_470.o [6]
  .text              ro code   0x801'3850         2       0x4  startup_gd32f450_470.o [6]
  .text              ro code   0x801'3854         2       0x4  startup_gd32f450_470.o [6]
  .text              ro code   0x801'3858         2       0x4  startup_gd32f450_470.o [6]
  .text              ro code   0x801'385c         2       0x4  startup_gd32f450_470.o [6]
  .text              ro code   0x801'3860         2       0x4  startup_gd32f450_470.o [6]
  .text              ro code   0x801'3864         2       0x4  startup_gd32f450_470.o [6]
  .text              ro code   0x801'3868         2       0x4  startup_gd32f450_470.o [6]
  .text              ro code   0x801'386c         2       0x4  startup_gd32f450_470.o [6]
  .text              ro code   0x801'3870         2       0x4  startup_gd32f450_470.o [6]
  .text              ro code   0x801'3874         2       0x4  startup_gd32f450_470.o [6]
  .text              ro code   0x801'3878         2       0x4  startup_gd32f450_470.o [6]
  .text              ro code   0x801'387c         2       0x4  startup_gd32f450_470.o [6]
  .text              ro code   0x801'3880         2       0x4  startup_gd32f450_470.o [6]
  .text              ro code   0x801'3884         2       0x4  startup_gd32f450_470.o [6]
  .text              ro code   0x801'3888         2       0x4  startup_gd32f450_470.o [6]
  .text              ro code   0x801'388c         2       0x4  startup_gd32f450_470.o [6]
  .text              ro code   0x801'3890         2       0x4  startup_gd32f450_470.o [6]
  .text              ro code   0x801'3894         2       0x4  startup_gd32f450_470.o [6]
  .text              ro code   0x801'3898         2       0x4  startup_gd32f450_470.o [6]
  .text              ro code   0x801'389c         2       0x4  startup_gd32f450_470.o [6]
  .text              ro code   0x801'38a0         2       0x4  startup_gd32f450_470.o [6]
  .text              ro code   0x801'38a4         2       0x4  startup_gd32f450_470.o [6]
  .text              ro code   0x801'38a8         2       0x4  startup_gd32f450_470.o [6]
  .text              ro code   0x801'38ac         2       0x4  startup_gd32f450_470.o [6]
  .text              ro code   0x801'38b0         2       0x4  startup_gd32f450_470.o [6]
  .text              ro code   0x801'38b4         2       0x4  startup_gd32f450_470.o [6]
  .text              ro code   0x801'38b8         4       0x0  cstart_closeall.o [10]
  .rodata            const     0x801'38b8                 0x0  zero_init3.o [10]
  .rodata            const     0x801'38b8                 0x0  lz77_init_single.o [10]
  Initializer bytes  const     0x801'38b8                0xef  <for P2-1>
                             - 0x801'39a7            0x1'37fb

"P2", part 1 of 3:                                      0x1d8
  P2-1                        0x2000'0000               0x1d8  <Init block>
    .data            inited   0x2000'0000         4      0xa0  00_MENU.o [1]
    .data            inited   0x2000'00a0         4       0x4  Project1_LineFollower.o [1]
    .data            inited   0x2000'00a4         4       0x4  system_gd32f4xx.o [3]
    .data            inited   0x2000'00a8         4      0x38  xlocale_c.o [8]
    .data            inited   0x2000'00e0         4      0x48  xfiles.o [8]
    .data            inited   0x2000'0128         4      0x48  xfiles.o [8]
    .data            inited   0x2000'0170         4      0x48  xfiles.o [8]
    .data            inited   0x2000'01b8         4      0x20  xfiles.o [8]
                            - 0x2000'01d8               0x1d8

"P2", part 2 of 3:                                     0xb740
  .bss               zero     0x2000'01d8         4    0x4600  Ex7_dci.o [1]
  .bss               zero     0x2000'47e0        32    0x3200  Ex7_dci.o [1]
  .bss               zero     0x2000'79e0         4    0x1d60  Ex7_dci.o [1]
  .bss               zero     0x2000'9740         4    0x1d60  Ex7_dci.o [1]
  .bss               zero     0x2000'b4a0         4     0x100  Lab3_ccd.o [1]
  .bss               zero     0x2000'b5a0         4     0x100  Lab3_ccd.o [1]
  .bss               zero     0x2000'b6a0         4      0xf8  Lab3_ccd.o [1]
  .bss               zero     0x2000'b798         4      0x54  xxwritebuffered.o [8]
  .bss               zero     0x2000'b7ec         4      0x50  xfiles.o [8]
  .bss               zero     0x2000'b83c         4      0x50  xfiles.o [8]
  .bss               zero     0x2000'b88c         4      0x14  00_MENU.o [1]
  .bss               zero     0x2000'b8a0         4      0x14  00_MENU.o [1]
  .bss               zero     0x2000'b8b4         4      0x10  00_MENU.o [1]
  .bss               zero     0x2000'b8c4         4       0x8  00_MENU.o [1]
  .bss               zero     0x2000'b8cc         4       0x4  Ex2_I2c.o [1]
  .bss               zero     0x2000'b8d0         4       0x4  gd32f4xx_it.o [5]
  .bss               zero     0x2000'b8d4         4       0x4  gd32f4xx_it.o [5]
  .bss               zero     0x2000'b8d8         4       0x4  hsp_rtc.o [2]
  .bss               zero     0x2000'b8dc         4       0x4  hsp_rtc.o [2]
  .bss               zero     0x2000'b8e0         4       0x4  main.o [5]
  .bss               zero     0x2000'b8e4         4       0x4  systick.o [5]
  .bss               zero     0x2000'b8e8         4       0x4  xfail_s.o [8]
  .bss               zero     0x2000'b8ec         2       0x2  00_MENU.o [1]
  .bss               zero     0x2000'b8ee         2       0x2  00_MENU.o [1]
  .bss               zero     0x2000'b8f0         2       0x2  Ex2_I2c.o [1]
  .bss               zero     0x2000'b8f2         2       0x2  Ex2_I2c.o [1]
  .bss               zero     0x2000'b8f4         2       0x2  Ex2_I2c.o [1]
  .bss               zero     0x2000'b8f6         2       0x2  Ex2_I2c.o [1]
  .bss               zero     0x2000'b8f8         2       0x2  Ex2_I2c.o [1]
  .bss               zero     0x2000'b8fa         2       0x2  Ex2_I2c.o [1]
  .bss               zero     0x2000'b8fc         2       0x2  hsp_timer.o [2]
  .bss               zero     0x2000'b8fe         2       0x2  Lab3_ccd.o [1]
  .bss               zero     0x2000'b900         2       0x2  Lab3_ccd.o [1]
  .bss               zero     0x2000'b902         2       0x2  Lab3_ccd.o [1]
  .bss               zero     0x2000'b904         2       0x2  Lab3_ccd.o [1]
  .bss               zero     0x2000'b906         2       0x2  main.o [5]
  .bss               zero     0x2000'b908         2       0x2  Project1_LineFollower.o [1]
  .bss               zero     0x2000'b90a         2       0x2  Project1_LineFollower.o [1]
  .bss               zero     0x2000'b90c                 0x1  00_MENU.o [1]
  .bss               zero     0x2000'b90d                 0x1  Ex7_dci.o [1]
  .bss               zero     0x2000'b90e                 0x1  Ex7_dci.o [1]
  .bss               zero     0x2000'b90f                 0x1  Lab3_ccd.o [1]
  .bss               zero     0x2000'b910                 0x1  Lab3_ccd.o [1]
  .bss               zero     0x2000'b911                 0x1  Lab3_ccd.o [1]
  .bss               zero     0x2000'b912                 0x1  Lab3_ccd.o [1]
  .bss               zero     0x2000'b913                 0x1  main.o [5]
  .bss               zero     0x2000'b914                 0x1  main.o [5]
  .bss               zero     0x2000'b915                 0x1  Project1_LineFollower.o [1]
                            - 0x2000'b916              0xb73e

"P2", part 3 of 3:                                     0x2000
  CSTACK                      0x2000'b918         8    0x2000  <Block>
    CSTACK           uninit   0x2000'b918              0x2000  <Block tail>
                            - 0x2000'd918              0x2000

Absolute sections:                                     0x5820
  .bss               zero     0x2003'0000              0x5820  main.o [5]
                            - 0x2003'5820              0x5820

Unused ranges:

         From           To      Size
         ----           --      ----
   0x801'39a7   0x80f'ffff  0xe'c659
  0x2000'd918  0x2002'ffff  0x2'26e8
  0x2003'5820  0x2006'ffff  0x3'a7e0


*******************************************************************************
*** INIT TABLE
***

          Address      Size
          -------      ----
Zero (__iar_zero_init3)
    2 destination ranges, total size 0x1'0f5e:
          0x2000'01d8  0xb73e
          0x2003'0000  0x5820

Copy/lz77 (__iar_lz77_init_single3)
    1 source range, total size 0xef (50% of destination):
           0x801'38b8    0xef
    1 destination range, total size 0x1d8:
          0x2000'0000   0x1d8



*******************************************************************************
*** MODULE SUMMARY
***

    Module                   ro code  ro data  rw data  rw data
                                                         (abs)
    ------                   -------  -------  -------  -------
command line/config:
    -----------------------------------------------------------
    Total:

D:\Files\SJTU\second_second\engineering4-D\HSPv2 _C8\Debug\Obj\App_2489385672134236918.dir: [1]
    00_MENU.o                  4'144      501      229
    Ex2_I2c.o                    500                16
    Ex3_tft18.o                   44   40'960
    Ex6_pwm.o                    368
    Ex7_dci.o                    412            45'762
    Lab3_ccd.o                   756       72      772
    Project1_LineFollower.o    1'088       22        9
    -----------------------------------------------------------
    Total:                     7'312   41'555   46'788

D:\Files\SJTU\second_second\engineering4-D\HSPv2 _C8\Debug\Obj\Board_7221520210927654578.dir: [2]
    hsp_adc.o                    332
    hsp_dci.o                    672
    hsp_gpio.o                   484
    hsp_i2c.o                  1'098
    hsp_rtc.o                    396                 8
    hsp_spi.o                    240
    hsp_timer.o                  972                 2
    -----------------------------------------------------------
    Total:                     4'194                10

D:\Files\SJTU\second_second\engineering4-D\HSPv2 _C8\Debug\Obj\CMSIS_13545061835669826545.dir: [3]
    system_gd32f4xx.o            348        2        4
    -----------------------------------------------------------
    Total:                       348        2        4

D:\Files\SJTU\second_second\engineering4-D\HSPv2 _C8\Debug\Obj\GD32F470_Peripherals_11143062579488607573.dir: [4]
    gd32f4xx_adc.o               840
    gd32f4xx_dci.o                76
    gd32f4xx_dma.o             1'560
    gd32f4xx_exti.o               32
    gd32f4xx_gpio.o              378
    gd32f4xx_i2c.o               660
    gd32f4xx_misc.o              232
    gd32f4xx_pmu.o                16
    gd32f4xx_rcu.o               988       32
    gd32f4xx_rtc.o               548
    gd32f4xx_spi.o               106
    gd32f4xx_timer.o           2'882
    gd32f4xx_usart.o              46
    -----------------------------------------------------------
    Total:                     8'364       32

D:\Files\SJTU\second_second\engineering4-D\HSPv2 _C8\Debug\Obj\Main_13238667732884069010.dir: [5]
    gd32f4xx_it.o                172                 8
    main.o                       140                 8   22'560
    systick.o                    184                 4
    -----------------------------------------------------------
    Total:                       496                20   22'560

D:\Files\SJTU\second_second\engineering4-D\HSPv2 _C8\Debug\Obj\Startup_17868067532763321386.dir: [6]
    startup_gd32f450_470.o       788
    -----------------------------------------------------------
    Total:                       788

D:\Files\SJTU\second_second\engineering4-D\HSPv2 _C8\Debug\Obj\Utilities_17002154029713865955.dir: [7]
    HSP_CAT9555.o                 52
    HSP_MMA8451.o              1'216       24
    HSP_MOTOR.o                  316
    HSP_MT9V034.o              2'148       68
    HSP_TFT18.o                2'360    1'928
    HSP_TSL1401.o                462
    HSP_WRITE.o                   60
    -----------------------------------------------------------
    Total:                     6'614    2'020

dl7M_tlf.a: [8]
    abort.o                        6
    exit.o                         4
    low_level_init.o               4
    printf.o                      40
    putchar.o                     68
    sprintf.o                     64
    xcloseall.o                   64
    xfail_s.o                     64                 4
    xfiles.o                              126      408
    xlocale_c.o                    8       31       56
    xprintffull_nomb.o         3'786
    xprout.o                      22
    xsprout.o                     10
    xxwritebuffered.o            184                84
    -----------------------------------------------------------
    Total:                     4'324      157      552

m7M_tls.a: [9]
    DblAddSub.o                  606
    DblCmpGe.o                    52
    DblCmpLe.o                    52
    DblDiv.o                     582
    DblMul.o                     426
    DblToFlt.o                   104
    DblToS32.o                    54
    DblToU32.o                    34
    S32ToDbl.o                    34
    U32ToDbl.o                    28
    fpinit_M.o                    34
    frexp.o                      112
    ldexp.o                      314
    sqrt.o                       258
    -----------------------------------------------------------
    Total:                     2'690

rt7M_tl.a: [10]
    ABImemcpy.o                  166
    ABImemset.o                  102
    I64DivMod.o                  560
    I64DivZer.o                    2
    cexit.o                       14
    cmain.o                       30
    cstart_closeall.o
    cstartup_M.o                  28
    data_init.o                   42
    lz77_init_single.o           126
    memchr.o                      88
    strchr.o                      22
    strlen.o                      54
    zero_init3.o                  56
    -----------------------------------------------------------
    Total:                     1'290

shb_l.a: [11]
    exit.o                        20
    -----------------------------------------------------------
    Total:                        20

    Gaps                          39       10        8
    Linker created                         40    8'192
---------------------------------------------------------------
    Grand Total:              36'479   43'816   55'574   22'560


*******************************************************************************
*** ENTRY LIST
***

Entry                       Address    Size  Type      Object
-----                       -------    ----  ----      ------
.iar.init_table$$Base    0x801'34bc           --   Gb  - Linker created -
.iar.init_table$$Limit   0x801'34e4           --   Gb  - Linker created -
?main                    0x801'3525          Code  ??  cmain.o [10]
ADC_IRQHandler           0x801'37a9          Code  Wk  startup_gd32f450_470.o [6]
Arrow16x16               0x801'3330    0x80  Data  ??  00_MENU.o [1]
BCD2BIN                  0x800'aa53    0x18  Code  ??  00_MENU.o [1]
BIN2BCD                  0x800'aa6b    0x20  Code  ??  00_MENU.o [1]
BasePulseWidth           0x801'3748     0x4  Data  ??  Project1_LineFollower.o [1]
BusFault_Handler         0x801'31b3     0x2  Code  ??  gd32f4xx_it.o [5]
CAN0_EWMC_IRQHandler     0x801'37b9          Code  Wk  startup_gd32f450_470.o [6]
CAN0_RX0_IRQHandler      0x801'37b1          Code  Wk  startup_gd32f450_470.o [6]
CAN0_RX1_IRQHandler      0x801'37b5          Code  Wk  startup_gd32f450_470.o [6]
CAN0_TX_IRQHandler       0x801'37ad          Code  Wk  startup_gd32f450_470.o [6]
CAN1_EWMC_IRQHandler     0x801'3861          Code  Wk  startup_gd32f450_470.o [6]
CAN1_RX0_IRQHandler      0x801'3859          Code  Wk  startup_gd32f450_470.o [6]
CAN1_RX1_IRQHandler      0x801'385d          Code  Wk  startup_gd32f450_470.o [6]
CAN1_TX_IRQHandler       0x801'3855          Code  Wk  startup_gd32f450_470.o [6]
CSTACK$$Base            0x2000'b918           --   Gb  - Linker created -
CSTACK$$Limit           0x2000'd918           --   ??  - Linker created -
DCI_IRQHandler           0x801'388d          Code  Wk  startup_gd32f450_470.o [6]
DMA0_Channel0_IRQHandler
                         0x801'378d          Code  Wk  startup_gd32f450_470.o [6]
DMA0_Channel1_IRQHandler
                         0x801'3791          Code  Wk  startup_gd32f450_470.o [6]
DMA0_Channel2_IRQHandler
                         0x801'3795          Code  Wk  startup_gd32f450_470.o [6]
DMA0_Channel3_IRQHandler
                         0x801'3799          Code  Wk  startup_gd32f450_470.o [6]
DMA0_Channel4_IRQHandler
                         0x801'379d          Code  Wk  startup_gd32f450_470.o [6]
DMA0_Channel5_IRQHandler
                         0x801'37a1          Code  Wk  startup_gd32f450_470.o [6]
DMA0_Channel6_IRQHandler
                         0x801'37a5          Code  Wk  startup_gd32f450_470.o [6]
DMA0_Channel7_IRQHandler
                         0x801'3819          Code  Wk  startup_gd32f450_470.o [6]
DMA1_Channel0_IRQHandler
                         0x801'3839          Code  Wk  startup_gd32f450_470.o [6]
DMA1_Channel1_IRQHandler
                         0x801'383d          Code  Wk  startup_gd32f450_470.o [6]
DMA1_Channel2_IRQHandler
                         0x801'3841          Code  Wk  startup_gd32f450_470.o [6]
DMA1_Channel3_IRQHandler
                         0x801'3845          Code  Wk  startup_gd32f450_470.o [6]
DMA1_Channel4_IRQHandler
                         0x801'3849          Code  Wk  startup_gd32f450_470.o [6]
DMA1_Channel5_IRQHandler
                         0x801'3869          Code  Wk  startup_gd32f450_470.o [6]
DMA1_Channel6_IRQHandler
                         0x801'386d          Code  Wk  startup_gd32f450_470.o [6]
DMA1_Channel7_IRQHandler
                         0x801'06fb    0xf2  Code  ??  hsp_dci.o [2]
DebugMon_Handler         0x801'31b9     0x2  Code  ??  gd32f4xx_it.o [5]
DrawRtcDemoScreen        0x800'a8d5   0x17e  Code  ??  00_MENU.o [1]
ENET_IRQHandler          0x801'384d          Code  Wk  startup_gd32f450_470.o [6]
ENET_WKUP_IRQHandler     0x801'3851          Code  Wk  startup_gd32f450_470.o [6]
EXMC_IRQHandler          0x801'381d          Code  Wk  startup_gd32f450_470.o [6]
EXTI0_IRQHandler         0x801'3779          Code  Wk  startup_gd32f450_470.o [6]
EXTI10_15_IRQHandler     0x801'31f9    0x44  Code  ??  gd32f4xx_it.o [5]
EXTI1_IRQHandler         0x801'377d          Code  Wk  startup_gd32f450_470.o [6]
EXTI2_IRQHandler         0x801'3781          Code  Wk  startup_gd32f450_470.o [6]
EXTI3_IRQHandler         0x801'3785          Code  Wk  startup_gd32f450_470.o [6]
EXTI4_IRQHandler         0x801'3789          Code  Wk  startup_gd32f450_470.o [6]
EXTI5_9_IRQHandler       0x801'37bd          Code  Wk  startup_gd32f450_470.o [6]
Ex2_4_mems               0x801'292d   0x1d4  Code  ??  Ex2_I2c.o [1]
Ex3_3_bitmap             0x801'3305    0x24  Code  ??  Ex3_tft18.o [1]
Ex6_2_servo_manual       0x801'2dbd   0x168  Code  ??  Ex6_pwm.o [1]
FMC_IRQHandler           0x801'3771          Code  Wk  startup_gd32f450_470.o [6]
FPU_IRQHandler           0x801'3895          Code  Wk  startup_gd32f450_470.o [6]
Font16x17                0x801'2c24   0x198  Data  ??  HSP_TFT18.o [7]
HardFault_Handler        0x801'31af     0x2  Code  ??  gd32f4xx_it.o [5]
I2C0_ER_IRQHandler       0x801'37e1          Code  Wk  startup_gd32f450_470.o [6]
I2C0_EV_IRQHandler       0x801'37dd          Code  Wk  startup_gd32f450_470.o [6]
I2C1_ER_IRQHandler       0x801'37e9          Code  Wk  startup_gd32f450_470.o [6]
I2C1_EV_IRQHandler       0x801'37e5          Code  Wk  startup_gd32f450_470.o [6]
I2C2_ER_IRQHandler       0x801'3879          Code  Wk  startup_gd32f450_470.o [6]
I2C2_EV_IRQHandler       0x801'3875          Code  Wk  startup_gd32f450_470.o [6]
IPA_IRQHandler           0x801'38b5          Code  Wk  startup_gd32f450_470.o [6]
Kd                       0x801'3758     0x8  Data  ??  Project1_LineFollower.o [1]
Kp                       0x801'3750     0x8  Data  ??  Project1_LineFollower.o [1]
LVD_IRQHandler           0x801'3765          Code  Wk  startup_gd32f450_470.o [6]
Lab3_test                0x801'231d   0x1ee  Code  ??  Lab3_ccd.o [1]
LcdLineStr              0x2000'b8a0    0x14  Data  ??  00_MENU.o [1]
McuInfo                 0x2000'b8b4    0x10  Data  ??  00_MENU.o [1]
MemManage_Handler        0x801'31b1     0x2  Code  ??  gd32f4xx_it.o [5]
MenuCursor16x16          0x801'3504    0x20  Data  ??  00_MENU.o [1]
NMI_Handler              0x801'31ad     0x2  Code  ??  gd32f4xx_it.o [5]
NVIC_SetPriority         0x800'bdfd    0x2c  Code  Lc  systick.o [5]
PendSV_Handler           0x801'31bb     0x2  Code  ??  gd32f4xx_it.o [5]
Project_LFR              0x801'148f   0x1a0  Code  ??  Project1_LineFollower.o [1]
QESVar                  0x2000'b8ec     0x2  Data  ??  00_MENU.o [1]
RCU_CTC_IRQHandler       0x801'3775          Code  Wk  startup_gd32f450_470.o [6]
RES_value               0x2000'b913     0x1  Data  ??  main.o [5]
RTC_Alarm_IRQHandler     0x801'3801          Code  Wk  startup_gd32f450_470.o [6]
RTC_WKUP_IRQHandler      0x801'376d          Code  Wk  startup_gd32f450_470.o [6]
Region$$Table$$Base      0x801'34bc           --   ??  - Linker created -
Region$$Table$$Limit     0x801'34e4           --   ??  - Linker created -
Reset_Handler            0x801'369d          Code  Wk  startup_gd32f450_470.o [6]
SDIO_IRQHandler          0x801'3821          Code  Wk  startup_gd32f450_470.o [6]
SPI0_IRQHandler          0x801'37ed          Code  Wk  startup_gd32f450_470.o [6]
SPI1_IRQHandler          0x801'37f1          Code  Wk  startup_gd32f450_470.o [6]
SPI2_IRQHandler          0x801'3829          Code  Wk  startup_gd32f450_470.o [6]
SPI3_IRQHandler          0x801'38a1          Code  Wk  startup_gd32f450_470.o [6]
SPI4_IRQHandler          0x801'38a5          Code  Wk  startup_gd32f450_470.o [6]
SPI5_IRQHandler          0x801'38a9          Code  Wk  startup_gd32f450_470.o [6]
SVC_Handler              0x801'31b7     0x2  Code  ??  gd32f4xx_it.o [5]
Scroll                  0x2000'b90c     0x1  Data  ??  00_MENU.o [1]
ShowArrow16x16           0x800'aa8b    0xd6  Code  ??  00_MENU.o [1]
SysTick_Config           0x800'be29    0x30  Code  Lc  systick.o [5]
SysTick_Handler          0x801'31bd    0x3c  Code  ??  gd32f4xx_it.o [5]
SystemCoreClock         0x2000'00a4     0x4  Data  ??  system_gd32f4xx.o [3]
SystemInit               0x801'2f2d    0x82  Code  ??  system_gd32f4xx.o [3]
TAMPER_STAMP_IRQHandler
                         0x801'3769          Code  Wk  startup_gd32f450_470.o [6]
TIMER0_BRK_TIMER8_IRQHandler
                         0x801'37c1          Code  Wk  startup_gd32f450_470.o [6]
TIMER0_Channel_IRQHandler
                         0x801'37cd          Code  Wk  startup_gd32f450_470.o [6]
TIMER0_TRG_CMT_TIMER10_IRQHandler
                         0x801'37c9          Code  Wk  startup_gd32f450_470.o [6]
TIMER0_UP_TIMER9_IRQHandler
                         0x801'37c5          Code  Wk  startup_gd32f450_470.o [6]
TIMER1_IRQHandler        0x801'37d1          Code  Wk  startup_gd32f450_470.o [6]
TIMER2_IRQHandler        0x801'37d5          Code  Wk  startup_gd32f450_470.o [6]
TIMER3_IRQHandler        0x801'37d9          Code  Wk  startup_gd32f450_470.o [6]
TIMER4_IRQHandler        0x801'3825          Code  Wk  startup_gd32f450_470.o [6]
TIMER5_DAC_IRQHandler    0x801'3835          Code  Wk  startup_gd32f450_470.o [6]
TIMER6_IRQHandler        0x801'1c3f    0x34  Code  ??  hsp_timer.o [2]
TIMER7_BRK_TIMER11_IRQHandler
                         0x801'3809          Code  Wk  startup_gd32f450_470.o [6]
TIMER7_Channel_IRQHandler
                         0x801'3815          Code  Wk  startup_gd32f450_470.o [6]
TIMER7_TRG_CMT_TIMER13_IRQHandler
                         0x801'3811          Code  Wk  startup_gd32f450_470.o [6]
TIMER7_UP_TIMER12_IRQHandler
                         0x801'380d          Code  Wk  startup_gd32f450_470.o [6]
TLI_ER_IRQHandler        0x801'38b1          Code  Wk  startup_gd32f450_470.o [6]
TLI_IRQHandler           0x801'38ad          Code  Wk  startup_gd32f450_470.o [6]
TRNG_IRQHandler          0x801'3891          Code  Wk  startup_gd32f450_470.o [6]
UART3_IRQHandler         0x801'382d          Code  Wk  startup_gd32f450_470.o [6]
UART4_IRQHandler         0x801'3831          Code  Wk  startup_gd32f450_470.o [6]
UART6_IRQHandler         0x801'3899          Code  Wk  startup_gd32f450_470.o [6]
UART7_IRQHandler         0x801'389d          Code  Wk  startup_gd32f450_470.o [6]
USART0_IRQHandler        0x801'37f5          Code  Wk  startup_gd32f450_470.o [6]
USART1_IRQHandler        0x801'37f9          Code  Wk  startup_gd32f450_470.o [6]
USART2_IRQHandler        0x801'37fd          Code  Wk  startup_gd32f450_470.o [6]
USART5_IRQHandler        0x801'3871          Code  Wk  startup_gd32f450_470.o [6]
USBFS_IRQHandler         0x801'3865          Code  Wk  startup_gd32f450_470.o [6]
USBFS_WKUP_IRQHandler    0x801'3805          Code  Wk  startup_gd32f450_470.o [6]
USBHS_EP1_In_IRQHandler
                         0x801'3881          Code  Wk  startup_gd32f450_470.o [6]
USBHS_EP1_Out_IRQHandler
                         0x801'387d          Code  Wk  startup_gd32f450_470.o [6]
USBHS_IRQHandler         0x801'3889          Code  Wk  startup_gd32f450_470.o [6]
USBHS_WKUP_IRQHandler    0x801'3885          Code  Wk  startup_gd32f450_470.o [6]
UpdateArrowPos           0x800'ab65    0x7a  Code  ??  00_MENU.o [1]
UpdateSetValue           0x800'abdf    0x78  Code  ??  00_MENU.o [1]
UsageFault_Handler       0x801'31b5     0x2  Code  ??  gd32f4xx_it.o [5]
WWDGT_IRQHandler         0x801'3761          Code  Wk  startup_gd32f450_470.o [6]
_Close_all               0x801'33f5    0x40  Code  ??  xcloseall.o [8]
_Files                  0x2000'01b8    0x20  Data  ??  xfiles.o [8]
_LC                      0x800'd429     0x6  Code  Lc  xprintffull_nomb.o [8]
_LitobFullNoMb           0x800'e115   0x10c  Code  Lc  xprintffull_nomb.o [8]
_Locale_lconv           0x2000'00a8    0x38  Data  Lc  xlocale_c.o [8]
_PrintfFullNoMb          0x800'd42f   0xcb6  Code  ??  xprintffull_nomb.o [8]
_Prout                   0x801'3651    0x16  Code  ??  xprout.o [8]
_PutcharsFullNoMb        0x800'e27d    0x2e  Code  Lc  xprintffull_nomb.o [8]
_SProut                  0x800'cadb     0xa  Code  ??  xsprout.o [8]
__aeabi_cdcmple          0x800'e6e1          Code  ??  DblCmpLe.o [9]
__aeabi_cdrcmple         0x800'e715          Code  ??  DblCmpGe.o [9]
__aeabi_d2f              0x801'0815          Code  ??  DblToFlt.o [9]
__aeabi_d2iz             0x800'e885          Code  ??  DblToS32.o [9]
__aeabi_d2uiz            0x800'ed89          Code  ??  DblToU32.o [9]
__aeabi_dadd             0x800'e8e1          Code  ??  DblAddSub.o [9]
__aeabi_ddiv             0x800'eb41          Code  ??  DblDiv.o [9]
__aeabi_dmul             0x800'edc9          Code  ??  DblMul.o [9]
__aeabi_dsub             0x800'ea5d          Code  ??  DblAddSub.o [9]
__aeabi_i2d              0x800'e8bd          Code  ??  S32ToDbl.o [9]
__aeabi_ldiv0            0x800'f1b5          Code  ??  I64DivZer.o [10]
__aeabi_memcpy           0x800'd381          Code  ??  ABImemcpy.o [10]
__aeabi_memcpy4          0x800'd3a1          Code  ??  ABImemcpy.o [10]
__aeabi_memcpy8          0x800'd3a1          Code  ??  ABImemcpy.o [10]
__aeabi_memset           0x801'1f6d          Code  ??  ABImemset.o [10]
__aeabi_ui2d             0x800'edad          Code  ??  U32ToDbl.o [9]
__aeabi_uldivmod         0x800'ef7d          Code  ??  I64DivMod.o [10]
__cexit_closeall         0x801'354f          Code  ??  cexit.o [10]
__cmain                  0x801'3525          Code  ??  cmain.o [10]
__cstart_closeall        0x801'38b8          Data  ??  cstart_closeall.o [10]
__dwrite                 0x801'3141    0x3c  Code  ??  HSP_WRITE.o [7]
__exit                   0x800'f1b9    0x14  Code  ??  exit.o [11]
__iar_Fail_s             0x800'e5a1    0x1c  Code  ??  xfail_s.o [8]
__iar_Memchr             0x800'e619          Code  ??  memchr.o [10]
__iar_Memset             0x801'1f6d          Code  ??  ABImemset.o [10]
__iar_Memset_word        0x801'1f75          Code  ??  ABImemset.o [10]
__iar_Stderr            0x2000'0170    0x48  Data  ??  xfiles.o [8]
__iar_Stdin             0x2000'00e0    0x48  Data  ??  xfiles.o [8]
__iar_Stdout            0x2000'0128    0x48  Data  ??  xfiles.o [8]
__iar_Strchr             0x800'e589          Code  ??  strchr.o [10]
__iar_data_init3         0x801'346d    0x18  Code  ??  data_init.o [10]
__iar_frexp              0x800'e67d          Code  ??  frexp.o [9]
__iar_frexpl             0x800'e67d          Code  ??  frexp.o [9]
__iar_init_vfp           0x801'3499          Code  ??  fpinit_M.o [9]
__iar_ldexp64            0x800'e749          Code  ??  ldexp.o [9]
__iar_lz77_init_single3
                         0x800'bd7f    0x7e  Code  ??  lz77_init_single.o [10]
__iar_program_start      0x801'355d          Code  ??  cstartup_M.o [10]
__iar_scalbln64          0x800'e749          Code  ??  ldexp.o [9]
__iar_scalbn64           0x800'e749          Code  ??  ldexp.o [9]
__iar_softfp___iar_frexp64
                         0x800'e671          Code  ??  frexp.o [9]
__iar_softfp_frexp       0x800'e671          Code  ??  frexp.o [9]
__iar_softfp_frexpl      0x800'e671          Code  ??  frexp.o [9]
__iar_sqrt64             0x801'2b31          Code  ??  sqrt.o [9]
__iar_vfp___iar_sqrt64   0x801'2b21          Code  ??  sqrt.o [9]
__iar_vfp_sqrt           0x801'2b21          Code  ??  sqrt.o [9]
__iar_vfp_sqrtl          0x801'2b21          Code  ??  sqrt.o [9]
__iar_zero_init3         0x801'3435    0x38  Code  ??  zero_init3.o [10]
__low_level_init         0x801'3543     0x4  Code  ??  low_level_init.o [8]
__vector_table           0x800'0000          Data  ??  startup_gd32f450_470.o [6]
__write_buffered         0x801'3089    0xb8  Code  ??  xxwritebuffered.o [8]
_call_main               0x801'3531          Code  ??  cmain.o [10]
_exit                    0x801'354d          Code  ??  cexit.o [10]
abort                    0x800'f1ad     0x6  Code  ??  abort.o [8]
acc_total               0x2000'b8cc     0x4  Data  ??  Ex2_I2c.o [1]
acc_x                   0x2000'b8f0     0x2  Data  ??  Ex2_I2c.o [1]
acc_x_t                 0x2000'b8f6     0x2  Data  ??  Ex2_I2c.o [1]
acc_y                   0x2000'b8f2     0x2  Data  ??  Ex2_I2c.o [1]
acc_y_t                 0x2000'b8f8     0x2  Data  ??  Ex2_I2c.o [1]
acc_z                   0x2000'b8f4     0x2  Data  ??  Ex2_I2c.o [1]
acc_z_t                 0x2000'b8fa     0x2  Data  ??  Ex2_I2c.o [1]
adc_calibration_enable   0x801'20a5    0x36  Code  ??  gd32f4xx_adc.o [4]
adc_channel_length_config
                         0x801'20db    0x74  Code  ??  gd32f4xx_adc.o [4]
adc_clock_config         0x801'1fd5    0x14  Code  ??  gd32f4xx_adc.o [4]
adc_data_alignment_config
                         0x801'2061    0x28  Code  ??  gd32f4xx_adc.o [4]
adc_enable               0x801'2089    0x1c  Code  ??  gd32f4xx_adc.o [4]
adc_external_trigger_config
                         0x801'223f    0x58  Code  ??  gd32f4xx_adc.o [4]
adc_flag_get             0x801'2307    0x12  Code  ??  gd32f4xx_adc.o [4]
adc_inserted_channel_config
                         0x801'214f    0xf0  Code  ??  gd32f4xx_adc.o [4]
adc_inserted_data_read   0x801'22cb    0x3c  Code  ??  gd32f4xx_adc.o [4]
adc_software_trigger_enable
                         0x801'2297    0x34  Code  ??  gd32f4xx_adc.o [4]
adc_special_function_config
                         0x801'1fe9    0x78  Code  ??  gd32f4xx_adc.o [4]
beep                     0x801'1855     0xa  Code  ??  Project1_LineFollower.o [1]
beeper_beep              0x801'1833    0x22  Code  ??  Project1_LineFollower.o [1]
bin2bcd                  0x800'c631    0x20  Code  ??  hsp_rtc.o [2]
board_init               0x801'3279    0x1c  Code  ??  main.o [5]
calculate_speed          0x801'1489     0x6  Code  ??  Project1_LineFollower.o [1]
ccd_data_old            0x2000'b5a0   0x100  Data  ??  Lab3_ccd.o [1]
ccd_data_raw            0x2000'b4a0   0x100  Data  ??  Lab3_ccd.o [1]
datetime1               0x2000'b8c4     0x8  Data  ??  00_MENU.o [1]
dci_capture_enable       0x801'08b5     0xc  Code  ??  gd32f4xx_dci.o [4]
dci_enable               0x801'08a9     0xc  Code  ??  gd32f4xx_dci.o [4]
dci_init                 0x801'087d    0x2c  Code  ??  gd32f4xx_dci.o [4]
delay                   0x2000'b8e4     0x4  Data  Lc  systick.o [5]
delay_1ms                0x800'be7d     0xc  Code  ??  systick.o [5]
delay_decrement          0x800'be89    0x10  Code  ??  systick.o [5]
delta_v                 0x2000'b6a0    0xf8  Data  ??  Lab3_ccd.o [1]
detect_line_edges        0x801'17d7    0x5c  Code  ??  Project1_LineFollower.o [1]
dma_channel_disable      0x800'cfe5    0x24  Code  ??  gd32f4xx_dma.o [4]
dma_channel_enable       0x800'cfc1    0x24  Code  ??  gd32f4xx_dma.o [4]
dma_channel_subperipheral_select
                         0x800'd009    0x2c  Code  ??  gd32f4xx_dma.o [4]
dma_circulation_disable
                         0x800'cf9d    0x24  Code  ??  gd32f4xx_dma.o [4]
dma_deinit               0x800'cd69    0xd0  Code  ??  gd32f4xx_dma.o [4]
dma_interrupt_enable     0x800'd035    0x44  Code  ??  gd32f4xx_dma.o [4]
dma_interrupt_flag_clear
                         0x800'd323    0x5e  Code  ??  gd32f4xx_dma.o [4]
dma_interrupt_flag_get   0x800'd079   0x2aa  Code  ??  gd32f4xx_dma.o [4]
dma_single_data_mode_init
                         0x800'ce39   0x160  Code  ??  gd32f4xx_dma.o [4]
ebuf                    0x2000'b7ec    0x50  Data  Lc  xfiles.o [8]
encoder_pulse           0x2000'b8d0     0x4  Data  ??  gd32f4xx_it.o [5]
encoder_pulse_t         0x2000'b8d4     0x4  Data  ??  gd32f4xx_it.o [5]
encoder_speed           0x2000'b906     0x2  Data  ??  main.o [5]
exit                     0x801'3547     0x4  Code  ??  exit.o [8]
exti_interrupt_flag_clear
                         0x801'326b     0x6  Code  ??  gd32f4xx_exti.o [4]
exti_interrupt_flag_get
                         0x801'3259    0x12  Code  ??  gd32f4xx_exti.o [4]
gImage_Huashanpi         0x800'01ac  0xa000  Data  ??  Ex3_tft18.o [1]
gpio_af_set              0x800'bcf5    0x82  Code  ??  gd32f4xx_gpio.o [4]
gpio_bit_reset           0x800'bcd9     0x8  Code  ??  gd32f4xx_gpio.o [4]
gpio_bit_set             0x800'bcd1     0x8  Code  ??  gd32f4xx_gpio.o [4]
gpio_bit_toggle          0x800'bd77     0x8  Code  ??  gd32f4xx_gpio.o [4]
gpio_input_bit_get       0x800'bce1    0x14  Code  ??  gd32f4xx_gpio.o [4]
gpio_mode_set            0x800'bc05    0x6c  Code  ??  gd32f4xx_gpio.o [4]
gpio_output_options_set
                         0x800'bc71    0x60  Code  ??  gd32f4xx_gpio.o [4]
hsp_adc1_config          0x801'2845    0x6a  Code  ??  hsp_adc.o [2]
hsp_adc2_config          0x801'28af    0x6a  Code  ??  hsp_adc.o [2]
hsp_adc_init             0x801'27e1    0x64  Code  ??  hsp_adc.o [2]
hsp_cat9555_init         0x800'cae5    0x34  Code  ??  HSP_CAT9555.o [7]
hsp_ccd_delay            0x801'27d1     0xe  Code  ??  HSP_TSL1401.o [7]
hsp_ccd_flush            0x801'2621    0xa6  Code  ??  HSP_TSL1401.o [7]
hsp_ccd_init             0x801'2611    0x10  Code  ??  HSP_TSL1401.o [7]
hsp_ccd_show             0x801'250b    0x6a  Code  ??  Lab3_ccd.o [1]
hsp_ccd_snapshot         0x801'26c7    0xf6  Code  ??  HSP_TSL1401.o [7]
hsp_dci_dma_config       0x801'0687    0x74  Code  ??  hsp_dci.o [2]
hsp_dci_init             0x801'0575   0x112  Code  ??  hsp_dci.o [2]
hsp_demo_frame_ccd       0x801'2575    0x5a  Code  ??  Lab3_ccd.o [1]
hsp_demo_frame_sysinfo   0x800'af8d   0x1ae  Code  ??  00_MENU.o [1]
hsp_demo_hmi             0x800'ac75   0x300  Code  ??  00_MENU.o [1]
hsp_get_taskid           0x800'cc9d    0x46  Code  ??  hsp_gpio.o [2]
hsp_gpio_init            0x800'cb19   0x184  Code  ??  hsp_gpio.o [2]
hsp_i2c_init             0x800'c691    0x6c  Code  ??  hsp_i2c.o [2]
hsp_i2c_mma8451_init     0x801'0fd5    0x72  Code  ??  HSP_MMA8451.o [7]
hsp_i2c_write_2byte      0x800'c6fd    0xb2  Code  ??  hsp_i2c.o [2]
hsp_image2_binary_minmax
                         0x801'1e99    0xb8  Code  ??  Ex7_dci.o [1]
hsp_image2_show_dma      0x801'1dd1    0xc8  Code  ??  Ex7_dci.o [1]
hsp_image_judge          0x801'162f   0x1a8  Code  ??  Project1_LineFollower.o [1]
hsp_menu_loop            0x800'a1ad    0x76  Code  ??  00_MENU.o [1]
hsp_mma8451_config       0x801'0fa1    0x34  Code  ??  HSP_MMA8451.o [7]
hsp_mma8451_read_byte    0x801'1047   0x158  Code  ??  HSP_MMA8451.o [7]
hsp_mma8451_read_nbyte   0x801'119f   0x1b2  Code  ??  HSP_MMA8451.o [7]
hsp_mma8451_write_byte   0x801'1351    0xfc  Code  ??  HSP_MMA8451.o [7]
hsp_motor_voltage        0x801'1d73    0x58  Code  ??  HSP_MOTOR.o [7]
hsp_mt9v034_config       0x800'fe1d    0x84  Code  ??  HSP_MT9V034.o [7]
hsp_mt9v034_init         0x800'fd11   0x100  Code  ??  HSP_MT9V034.o [7]
hsp_mt9v034_set_default
                         0x800'fea1   0x45a  Code  ??  HSP_MT9V034.o [7]
hsp_mt9v034_set_exposure
                         0x801'0505    0x70  Code  ??  HSP_MT9V034.o [7]
hsp_mt9v034_set_fps      0x801'038d   0x11c  Code  ??  HSP_MT9V034.o [7]
hsp_mt9v034_set_resolution
                         0x801'02fb    0x90  Code  ??  HSP_MT9V034.o [7]
hsp_pwm_init             0x801'18c9   0x2ba  Code  ??  hsp_timer.o [2]
hsp_qdec_init            0x801'1b83    0xbc  Code  ??  hsp_timer.o [2]
hsp_rtc_config           0x800'c4c5    0x34  Code  ??  hsp_rtc.o [2]
hsp_rtc_demo             0x800'a2d9   0x5fc  Code  ??  00_MENU.o [1]
hsp_rtc_setup            0x800'c4f9    0xac  Code  ??  hsp_rtc.o [2]
hsp_sccb_init            0x800'c7af    0x6c  Code  ??  hsp_i2c.o [2]
hsp_sccb_read_2byte      0x800'caa9    0x32  Code  ??  hsp_i2c.o [2]
hsp_sccb_read_byte       0x800'c933   0x15a  Code  ??  hsp_i2c.o [2]
hsp_sccb_write_2byte     0x800'c90b    0x28  Code  ??  hsp_i2c.o [2]
hsp_sccb_write_byte      0x800'c81b    0xf0  Code  ??  hsp_i2c.o [2]
hsp_servo_angle          0x801'1c95    0xde  Code  ??  HSP_MOTOR.o [7]
hsp_spi_dma_config       0x800'b25b    0x62  Code  ??  hsp_spi.o [2]
hsp_spi_init             0x800'b1dd    0x7e  Code  ??  hsp_spi.o [2]
hsp_spi_write_byte       0x800'b3cd    0x22  Code  Lc  HSP_TFT18.o [7]
hsp_sysinfo              0x800'b13b    0x34  Code  ??  00_MENU.o [1]
hsp_tft18_clear          0x800'b481    0x38  Code  ??  HSP_TFT18.o [7]
hsp_tft18_draw_block     0x800'bb17    0x88  Code  ??  HSP_TFT18.o [7]
hsp_tft18_draw_frame     0x800'ba6b    0xac  Code  ??  HSP_TFT18.o [7]
hsp_tft18_draw_image     0x800'bba9    0x52  Code  ??  HSP_TFT18.o [7]
hsp_tft18_draw_line_h    0x800'b9bf    0x56  Code  ??  HSP_TFT18.o [7]
hsp_tft18_draw_line_v    0x800'ba15    0x56  Code  ??  HSP_TFT18.o [7]
hsp_tft18_draw_pixel     0x800'b4d5    0x26  Code  ??  HSP_TFT18.o [7]
hsp_tft18_init           0x800'b2cd   0x100  Code  ??  HSP_TFT18.o [7]
hsp_tft18_set_region     0x800'b443    0x3e  Code  ??  HSP_TFT18.o [7]
hsp_tft18_set_xy         0x800'b4b9    0x1c  Code  ??  HSP_TFT18.o [7]
hsp_tft18_show_char      0x800'b4fb    0x80  Code  ??  HSP_TFT18.o [7]
hsp_tft18_show_char16    0x800'b685    0xc4  Code  ??  HSP_TFT18.o [7]
hsp_tft18_show_char_color
                         0x800'b57b    0x8a  Code  ??  HSP_TFT18.o [7]
hsp_tft18_show_int16     0x800'b7f5    0xdc  Code  ??  HSP_TFT18.o [7]
hsp_tft18_show_int16_color
                         0x800'b8d1    0xee  Code  ??  HSP_TFT18.o [7]
hsp_tft18_show_int8      0x800'b74d    0xa8  Code  ??  HSP_TFT18.o [7]
hsp_tft18_show_str       0x800'b605    0x36  Code  ??  HSP_TFT18.o [7]
hsp_tft18_show_str_color
                         0x800'b63b    0x4a  Code  ??  HSP_TFT18.o [7]
hsp_tft18_write_2byte    0x800'b41f    0x24  Code  ??  HSP_TFT18.o [7]
hsp_tft18_write_byte     0x800'b407    0x18  Code  ??  HSP_TFT18.o [7]
hsp_tft18_write_cmd      0x800'b3ef    0x18  Code  ??  HSP_TFT18.o [7]
i2c_ack_config           0x800'e4a3     0xe  Code  ??  gd32f4xx_i2c.o [4]
i2c_analog_noise_filter_enable
                         0x800'e4fb    0x12  Code  ??  gd32f4xx_i2c.o [4]
i2c_clock_config         0x800'e34d   0x136  Code  ??  gd32f4xx_i2c.o [4]
i2c_data_receive         0x800'e4f3     0x8  Code  ??  gd32f4xx_i2c.o [4]
i2c_data_transmit        0x800'e4e7     0xc  Code  ??  gd32f4xx_i2c.o [4]
i2c_deinit               0x800'e2f5    0x58  Code  ??  gd32f4xx_i2c.o [4]
i2c_enable               0x800'e4c9     0xa  Code  ??  gd32f4xx_i2c.o [4]
i2c_flag_clear           0x800'e52d    0x42  Code  ??  gd32f4xx_i2c.o [4]
i2c_flag_get             0x800'e50d    0x20  Code  ??  gd32f4xx_i2c.o [4]
i2c_master_addressing    0x800'e4b1    0x18  Code  ??  gd32f4xx_i2c.o [4]
i2c_mode_addr_config     0x800'e483    0x20  Code  ??  gd32f4xx_i2c.o [4]
i2c_start_on_bus         0x800'e4d3     0xa  Code  ??  gd32f4xx_i2c.o [4]
i2c_stop_on_bus          0x800'e4dd     0xa  Code  ??  gd32f4xx_i2c.o [4]
image2_temp             0x2000'9740  0x1d60  Data  ??  Ex7_dci.o [1]
image2_use              0x2000'79e0  0x1d60  Data  ??  Ex7_dci.o [1]
image_raw               0x2003'0000  0x5820  Data  ??  main.o [5]
image_ready             0x2000'b90d     0x1  Data  ??  Ex7_dci.o [1]
image_size              0x2000'b90e     0x1  Data  ??  Ex7_dci.o [1]
image_use               0x2000'01d8  0x4600  Data  ??  Ex7_dci.o [1]
img2                    0x2000'47e0  0x3200  Data  ??  Ex7_dci.o [1]
last_center             0x2000'00a0     0x4  Data  ??  Project1_LineFollower.o [1]
last_gte_ok             0x2000'b915     0x1  Data  Lc  Project1_LineFollower.o [1]
ldexp                    0x800'e749          Code  ??  ldexp.o [9]
ldexpl                   0x800'e749          Code  ??  ldexp.o [9]
line_detection_count    0x2000'b90a     0x2  Data  ??  Project1_LineFollower.o [1]
line_type               0x2000'b908     0x2  Data  ??  Project1_LineFollower.o [1]
localeconv               0x800'ef75     0x4  Code  ??  xlocale_c.o [8]
main                     0x801'3295    0x68  Code  ??  main.o [5]
max_dv                  0x2000'b902     0x2  Data  ??  Lab3_ccd.o [1]
max_dv_index            0x2000'b911     0x1  Data  ??  Lab3_ccd.o [1]
max_v                   0x2000'b8fe     0x2  Data  ??  Lab3_ccd.o [1]
max_v_index             0x2000'b90f     0x1  Data  ??  Lab3_ccd.o [1]
memchr                   0x800'e619          Code  ??  memchr.o [10]
menu_id                 0x2000'b914     0x1  Data  ??  main.o [5]
menu_item0              0x2000'0000    0xa0  Data  ??  00_MENU.o [1]
min_dv                  0x2000'b904     0x2  Data  ??  Lab3_ccd.o [1]
min_dv_index            0x2000'b912     0x1  Data  ??  Lab3_ccd.o [1]
min_v                   0x2000'b900     0x2  Data  ??  Lab3_ccd.o [1]
min_v_index             0x2000'b910     0x1  Data  ??  Lab3_ccd.o [1]
nvic_irq_enable          0x801'08d3    0xcc  Code  ??  gd32f4xx_misc.o [4]
nvic_priority_group_set
                         0x801'08c9     0xa  Code  ??  gd32f4xx_misc.o [4]
obuf                    0x2000'b83c    0x50  Data  Lc  xfiles.o [8]
perform_action_based_on_line_type
                         0x801'185f    0x26  Code  ??  Project1_LineFollower.o [1]
pit_counter1            0x2000'b8fc     0x2  Data  Lc  hsp_timer.o [2]
pmu_backup_write_enable
                         0x800'c291     0xc  Code  ??  gd32f4xx_pmu.o [4]
prescaler_a             0x2000'b8d8     0x4  Data  ??  hsp_rtc.o [2]
prescaler_s             0x2000'b8dc     0x4  Data  ??  hsp_rtc.o [2]
printf                   0x801'1461    0x28  Code  ??  printf.o [8]
putchar                  0x801'33b1    0x44  Code  ??  putchar.o [8]
rcu_all_reset_flag_clear
                         0x800'c255     0xc  Code  ??  gd32f4xx_rcu.o [4]
rcu_clock_freq_get       0x800'c135   0x100  Code  ??  gd32f4xx_rcu.o [4]
rcu_flag_get             0x800'c235    0x20  Code  ??  gd32f4xx_rcu.o [4]
rcu_osci_on              0x800'c10d    0x28  Code  ??  gd32f4xx_rcu.o [4]
rcu_osci_stab_wait       0x800'bf5f   0x1ae  Code  ??  gd32f4xx_rcu.o [4]
rcu_periph_clock_enable
                         0x800'beb5    0x28  Code  ??  gd32f4xx_rcu.o [4]
rcu_periph_reset_disable
                         0x800'bf05    0x28  Code  ??  gd32f4xx_rcu.o [4]
rcu_periph_reset_enable
                         0x800'bedd    0x28  Code  ??  gd32f4xx_rcu.o [4]
rcu_rtc_clock_config     0x800'bf2d    0x12  Code  ??  gd32f4xx_rcu.o [4]
rcu_timer_clock_prescaler_config
                         0x800'bf3f    0x20  Code  ??  gd32f4xx_rcu.o [4]
rtc_current_time_get     0x800'c409    0xa4  Code  ??  gd32f4xx_rtc.o [4]
rtc_init                 0x800'c2a1    0xb6  Code  ??  gd32f4xx_rtc.o [4]
rtc_init_mode_enter      0x800'c357    0x48  Code  ??  gd32f4xx_rtc.o [4]
rtc_init_mode_exit       0x800'c39f     0xe  Code  ??  gd32f4xx_rtc.o [4]
rtc_initpara1           0x2000'b88c    0x14  Data  ??  00_MENU.o [1]
rtc_register_sync_wait   0x800'c3ad    0x5c  Code  ??  gd32f4xx_rtc.o [4]
rtc_week_day             0x800'c5ad    0x84  Code  ??  hsp_rtc.o [2]
rtclimit                 0x801'36f4     0xc  Data  ??  00_MENU.o [1]
scalbln                  0x800'e749          Code  ??  ldexp.o [9]
scalblnl                 0x800'e749          Code  ??  ldexp.o [9]
scalbn                   0x800'e749          Code  ??  ldexp.o [9]
scalbnl                  0x800'e749          Code  ??  ldexp.o [9]
scale                    0x800'e227    0x46  Code  Lc  xprintffull_nomb.o [8]
sec_hand                0x2000'b8e8     0x4  Data  Lc  xfail_s.o [8]
show_menu_cursor         0x800'a223    0xb6  Code  ??  00_MENU.o [1]
spi_dma_enable           0x800'cd43    0x24  Code  ??  gd32f4xx_spi.o [4]
spi_enable               0x800'cd39     0xa  Code  ??  gd32f4xx_spi.o [4]
spi_init                 0x800'ccfd    0x3c  Code  ??  gd32f4xx_spi.o [4]
sprintf                  0x800'c651    0x40  Code  ??  sprintf.o [8]
sqrt                     0x801'2b31          Code  ??  sqrt.o [9]
sqrtl                    0x801'2b31          Code  ??  sqrt.o [9]
store                   0x2000'b798    0x50  Data  Lc  xxwritebuffered.o [8]
storeLen                0x2000'b7e8     0x4  Data  Lc  xxwritebuffered.o [8]
strchr                   0x800'e589          Code  ??  strchr.o [10]
strlen                   0x800'e5e1          Code  ??  strlen.o [10]
sys_tick_counter        0x2000'b8e0     0x4  Data  ??  main.o [5]
system_clock_240m_8m_hxtal
                         0x801'2fb7    0xa4  Code  Lc  system_gd32f4xx.o [3]
system_clock_config      0x801'2faf     0x8  Code  Lc  system_gd32f4xx.o [3]
systick_config           0x800'be59    0x24  Code  ??  systick.o [5]
tQESVar                 0x2000'b8ee     0x2  Data  ??  00_MENU.o [1]
tft_ascii                0x801'09b0   0x5f0  Data  ??  HSP_TFT18.o [7]
timer_auto_reload_shadow_enable
                         0x800'f40d     0xa  Code  ??  gd32f4xx_timer.o [4]
timer_channel_input_capture_prescaler_config
                         0x800'fbb1    0xae  Code  ??  gd32f4xx_timer.o [4]
timer_channel_input_struct_para_init
                         0x800'f957    0x12  Code  ??  gd32f4xx_timer.o [4]
timer_channel_output_config
                         0x800'f471   0x31c  Code  ??  gd32f4xx_timer.o [4]
timer_channel_output_mode_config
                         0x800'f7c5    0xae  Code  ??  gd32f4xx_timer.o [4]
timer_channel_output_pulse_value_config
                         0x800'f873    0x36  Code  ??  gd32f4xx_timer.o [4]
timer_channel_output_shadow_config
                         0x800'f8a9    0xae  Code  ??  gd32f4xx_timer.o [4]
timer_channel_output_struct_para_init
                         0x800'f457    0x1a  Code  ??  gd32f4xx_timer.o [4]
timer_counter_read       0x800'f41f     0xc  Code  ??  gd32f4xx_timer.o [4]
timer_counter_value_config
                         0x800'f417     0x8  Code  ??  gd32f4xx_timer.o [4]
timer_deinit             0x800'f1cd   0x17a  Code  ??  gd32f4xx_timer.o [4]
timer_enable             0x800'f403     0xa  Code  ??  gd32f4xx_timer.o [4]
timer_init               0x800'f363    0xa0  Code  ??  gd32f4xx_timer.o [4]
timer_input_capture_config
                         0x800'f969   0x248  Code  ??  gd32f4xx_timer.o [4]
timer_interrupt_flag_clear
                         0x800'fd05     0xa  Code  ??  gd32f4xx_timer.o [4]
timer_interrupt_flag_get
                         0x800'fce5    0x20  Code  ??  gd32f4xx_timer.o [4]
timer_primary_output_config
                         0x800'f42b    0x2c  Code  ??  gd32f4xx_timer.o [4]
timer_quadrature_decoder_mode_config
                         0x800'fc5f    0x80  Code  ??  gd32f4xx_timer.o [4]
timer_struct_para_init   0x800'f347    0x1c  Code  ??  gd32f4xx_timer.o [4]
usart_data_transmit      0x801'317d     0xe  Code  ??  gd32f4xx_usart.o [4]
usart_flag_get           0x801'318b    0x20  Code  ??  gd32f4xx_usart.o [4]


[1] = D:\Files\SJTU\second_second\engineering4-D\HSPv2 _C8\Debug\Obj\App_2489385672134236918.dir
[2] = D:\Files\SJTU\second_second\engineering4-D\HSPv2 _C8\Debug\Obj\Board_7221520210927654578.dir
[3] = D:\Files\SJTU\second_second\engineering4-D\HSPv2 _C8\Debug\Obj\CMSIS_13545061835669826545.dir
[4] = D:\Files\SJTU\second_second\engineering4-D\HSPv2 _C8\Debug\Obj\GD32F470_Peripherals_11143062579488607573.dir
[5] = D:\Files\SJTU\second_second\engineering4-D\HSPv2 _C8\Debug\Obj\Main_13238667732884069010.dir
[6] = D:\Files\SJTU\second_second\engineering4-D\HSPv2 _C8\Debug\Obj\Startup_17868067532763321386.dir
[7] = D:\Files\SJTU\second_second\engineering4-D\HSPv2 _C8\Debug\Obj\Utilities_17002154029713865955.dir
[8] = dl7M_tlf.a
[9] = m7M_tls.a
[10] = rt7M_tl.a
[11] = shb_l.a

  36'479 bytes of readonly  code memory
  43'816 bytes of readonly  data memory
  55'574 bytes of readwrite data memory (+ 22'560 absolute)

Errors: none
Warnings: none
