###############################################################################
#
# IAR ELF Linker V9.50.1.380/W64 for ARM                  22/Apr/2024  17:02:43
# Copyright 2007-2023 IAR Systems AB.
#
#    Output file  =
#        D:\Files\SJTU\second_second\engineering4-D\HSPv2 _C8\Debug\Exe\HSP.out
#    Map file     =
#        D:\Files\SJTU\second_second\engineering4-D\HSPv2
#        _C8\Debug\List\HSP.map
#    Command line =
#        -f "D:\Files\SJTU\second_second\engineering4-D\HSPv2
#        _C8\Debug\Exe\HSP.out.rsp"
#        ("D:\Files\SJTU\second_second\engineering4-D\HSPv2
#        _C8\Debug\Obj\App_2489385672134236918.dir\00_MENU.o"
#        "D:\Files\SJTU\second_second\engineering4-D\HSPv2
#        _C8\Debug\Obj\App_2489385672134236918.dir\Ex1_gpio.o"
#        "D:\Files\SJTU\second_second\engineering4-D\HSPv2
#        _C8\Debug\Obj\App_2489385672134236918.dir\Ex2_I2c.o"
#        "D:\Files\SJTU\second_second\engineering4-D\HSPv2
#        _C8\Debug\Obj\App_2489385672134236918.dir\Ex3_tft18.o"
#        "D:\Files\SJTU\second_second\engineering4-D\HSPv2
#        _C8\Debug\Obj\App_2489385672134236918.dir\Ex4_adc.o"
#        "D:\Files\SJTU\second_second\engineering4-D\HSPv2
#        _C8\Debug\Obj\App_2489385672134236918.dir\Ex5_uart.o"
#        "D:\Files\SJTU\second_second\engineering4-D\HSPv2
#        _C8\Debug\Obj\App_2489385672134236918.dir\Ex6_pwm.o"
#        "D:\Files\SJTU\second_second\engineering4-D\HSPv2
#        _C8\Debug\Obj\App_2489385672134236918.dir\Ex7_dci.o"
#        "D:\Files\SJTU\second_second\engineering4-D\HSPv2
#        _C8\Debug\Obj\App_2489385672134236918.dir\Ex8_rtc.o"
#        "D:\Files\SJTU\second_second\engineering4-D\HSPv2
#        _C8\Debug\Obj\GD32F470_Peripherals_11143062579488607573.dir\gd32f4xx_adc.o"
#        "D:\Files\SJTU\second_second\engineering4-D\HSPv2
#        _C8\Debug\Obj\GD32F470_Peripherals_11143062579488607573.dir\gd32f4xx_can.o"
#        "D:\Files\SJTU\second_second\engineering4-D\HSPv2
#        _C8\Debug\Obj\GD32F470_Peripherals_11143062579488607573.dir\gd32f4xx_crc.o"
#        "D:\Files\SJTU\second_second\engineering4-D\HSPv2
#        _C8\Debug\Obj\GD32F470_Peripherals_11143062579488607573.dir\gd32f4xx_ctc.o"
#        "D:\Files\SJTU\second_second\engineering4-D\HSPv2
#        _C8\Debug\Obj\GD32F470_Peripherals_11143062579488607573.dir\gd32f4xx_dac.o"
#        "D:\Files\SJTU\second_second\engineering4-D\HSPv2
#        _C8\Debug\Obj\GD32F470_Peripherals_11143062579488607573.dir\gd32f4xx_dbg.o"
#        "D:\Files\SJTU\second_second\engineering4-D\HSPv2
#        _C8\Debug\Obj\GD32F470_Peripherals_11143062579488607573.dir\gd32f4xx_dci.o"
#        "D:\Files\SJTU\second_second\engineering4-D\HSPv2
#        _C8\Debug\Obj\GD32F470_Peripherals_11143062579488607573.dir\gd32f4xx_dma.o"
#        "D:\Files\SJTU\second_second\engineering4-D\HSPv2
#        _C8\Debug\Obj\GD32F470_Peripherals_11143062579488607573.dir\gd32f4xx_enet.o"
#        "D:\Files\SJTU\second_second\engineering4-D\HSPv2
#        _C8\Debug\Obj\GD32F470_Peripherals_11143062579488607573.dir\gd32f4xx_exmc.o"
#        "D:\Files\SJTU\second_second\engineering4-D\HSPv2
#        _C8\Debug\Obj\GD32F470_Peripherals_11143062579488607573.dir\gd32f4xx_exti.o"
#        "D:\Files\SJTU\second_second\engineering4-D\HSPv2
#        _C8\Debug\Obj\GD32F470_Peripherals_11143062579488607573.dir\gd32f4xx_fmc.o"
#        "D:\Files\SJTU\second_second\engineering4-D\HSPv2
#        _C8\Debug\Obj\GD32F470_Peripherals_11143062579488607573.dir\gd32f4xx_fwdgt.o"
#        "D:\Files\SJTU\second_second\engineering4-D\HSPv2
#        _C8\Debug\Obj\GD32F470_Peripherals_11143062579488607573.dir\gd32f4xx_gpio.o"
#        "D:\Files\SJTU\second_second\engineering4-D\HSPv2
#        _C8\Debug\Obj\GD32F470_Peripherals_11143062579488607573.dir\gd32f4xx_i2c.o"
#        "D:\Files\SJTU\second_second\engineering4-D\HSPv2
#        _C8\Debug\Obj\GD32F470_Peripherals_11143062579488607573.dir\gd32f4xx_ipa.o"
#        "D:\Files\SJTU\second_second\engineering4-D\HSPv2
#        _C8\Debug\Obj\GD32F470_Peripherals_11143062579488607573.dir\gd32f4xx_iref.o"
#        "D:\Files\SJTU\second_second\engineering4-D\HSPv2
#        _C8\Debug\Obj\Main_13238667732884069010.dir\gd32f4xx_it.o"
#        "D:\Files\SJTU\second_second\engineering4-D\HSPv2
#        _C8\Debug\Obj\GD32F470_Peripherals_11143062579488607573.dir\gd32f4xx_misc.o"
#        "D:\Files\SJTU\second_second\engineering4-D\HSPv2
#        _C8\Debug\Obj\GD32F470_Peripherals_11143062579488607573.dir\gd32f4xx_pmu.o"
#        "D:\Files\SJTU\second_second\engineering4-D\HSPv2
#        _C8\Debug\Obj\GD32F470_Peripherals_11143062579488607573.dir\gd32f4xx_rcu.o"
#        "D:\Files\SJTU\second_second\engineering4-D\HSPv2
#        _C8\Debug\Obj\GD32F470_Peripherals_11143062579488607573.dir\gd32f4xx_rtc.o"
#        "D:\Files\SJTU\second_second\engineering4-D\HSPv2
#        _C8\Debug\Obj\GD32F470_Peripherals_11143062579488607573.dir\gd32f4xx_sdio.o"
#        "D:\Files\SJTU\second_second\engineering4-D\HSPv2
#        _C8\Debug\Obj\GD32F470_Peripherals_11143062579488607573.dir\gd32f4xx_spi.o"
#        "D:\Files\SJTU\second_second\engineering4-D\HSPv2
#        _C8\Debug\Obj\GD32F470_Peripherals_11143062579488607573.dir\gd32f4xx_syscfg.o"
#        "D:\Files\SJTU\second_second\engineering4-D\HSPv2
#        _C8\Debug\Obj\GD32F470_Peripherals_11143062579488607573.dir\gd32f4xx_timer.o"
#        "D:\Files\SJTU\second_second\engineering4-D\HSPv2
#        _C8\Debug\Obj\GD32F470_Peripherals_11143062579488607573.dir\gd32f4xx_tli.o"
#        "D:\Files\SJTU\second_second\engineering4-D\HSPv2
#        _C8\Debug\Obj\GD32F470_Peripherals_11143062579488607573.dir\gd32f4xx_trng.o"
#        "D:\Files\SJTU\second_second\engineering4-D\HSPv2
#        _C8\Debug\Obj\GD32F470_Peripherals_11143062579488607573.dir\gd32f4xx_usart.o"
#        "D:\Files\SJTU\second_second\engineering4-D\HSPv2
#        _C8\Debug\Obj\GD32F470_Peripherals_11143062579488607573.dir\gd32f4xx_wwdgt.o"
#        "D:\Files\SJTU\second_second\engineering4-D\HSPv2
#        _C8\Debug\Obj\Utilities_17002154029713865955.dir\GFX_FUNCTIONS.o"
#        "D:\Files\SJTU\second_second\engineering4-D\HSPv2
#        _C8\Debug\Obj\Board_7221520210927654578.dir\hsp_adc.o"
#        "D:\Files\SJTU\second_second\engineering4-D\HSPv2
#        _C8\Debug\Obj\Utilities_17002154029713865955.dir\HSP_CAT9555.o"
#        "D:\Files\SJTU\second_second\engineering4-D\HSPv2
#        _C8\Debug\Obj\Utilities_17002154029713865955.dir\HSP_COMM.o"
#        "D:\Files\SJTU\second_second\engineering4-D\HSPv2
#        _C8\Debug\Obj\Board_7221520210927654578.dir\hsp_dci.o"
#        "D:\Files\SJTU\second_second\engineering4-D\HSPv2
#        _C8\Debug\Obj\Utilities_17002154029713865955.dir\HSP_ENCODER.o"
#        "D:\Files\SJTU\second_second\engineering4-D\HSPv2
#        _C8\Debug\Obj\Utilities_17002154029713865955.dir\HSP_GD25Q64.o"
#        "D:\Files\SJTU\second_second\engineering4-D\HSPv2
#        _C8\Debug\Obj\Board_7221520210927654578.dir\hsp_gpio.o"
#        "D:\Files\SJTU\second_second\engineering4-D\HSPv2
#        _C8\Debug\Obj\Board_7221520210927654578.dir\hsp_i2c.o"
#        "D:\Files\SJTU\second_second\engineering4-D\HSPv2
#        _C8\Debug\Obj\Utilities_17002154029713865955.dir\HSP_MMA8451.o"
#        "D:\Files\SJTU\second_second\engineering4-D\HSPv2
#        _C8\Debug\Obj\Utilities_17002154029713865955.dir\HSP_MOTOR.o"
#        "D:\Files\SJTU\second_second\engineering4-D\HSPv2
#        _C8\Debug\Obj\Utilities_17002154029713865955.dir\HSP_MT9V034.o"
#        "D:\Files\SJTU\second_second\engineering4-D\HSPv2
#        _C8\Debug\Obj\Board_7221520210927654578.dir\hsp_rtc.o"
#        "D:\Files\SJTU\second_second\engineering4-D\HSPv2
#        _C8\Debug\Obj\Board_7221520210927654578.dir\hsp_spi.o"
#        "D:\Files\SJTU\second_second\engineering4-D\HSPv2
#        _C8\Debug\Obj\Utilities_17002154029713865955.dir\HSP_TFCARD.o"
#        "D:\Files\SJTU\second_second\engineering4-D\HSPv2
#        _C8\Debug\Obj\Utilities_17002154029713865955.dir\HSP_TFT18.o"
#        "D:\Files\SJTU\second_second\engineering4-D\HSPv2
#        _C8\Debug\Obj\Board_7221520210927654578.dir\hsp_timer.o"
#        "D:\Files\SJTU\second_second\engineering4-D\HSPv2
#        _C8\Debug\Obj\Utilities_17002154029713865955.dir\HSP_TSL1401.o"
#        "D:\Files\SJTU\second_second\engineering4-D\HSPv2
#        _C8\Debug\Obj\Board_7221520210927654578.dir\hsp_uart.o"
#        "D:\Files\SJTU\second_second\engineering4-D\HSPv2
#        _C8\Debug\Obj\Utilities_17002154029713865955.dir\HSP_WRITE.o"
#        "D:\Files\SJTU\second_second\engineering4-D\HSPv2
#        _C8\Debug\Obj\App_2489385672134236918.dir\Lab1_hmi.o"
#        "D:\Files\SJTU\second_second\engineering4-D\HSPv2
#        _C8\Debug\Obj\App_2489385672134236918.dir\Lab2_sensor.o"
#        "D:\Files\SJTU\second_second\engineering4-D\HSPv2
#        _C8\Debug\Obj\App_2489385672134236918.dir\Lab3_ccd.o"
#        "D:\Files\SJTU\second_second\engineering4-D\HSPv2
#        _C8\Debug\Obj\App_2489385672134236918.dir\Lab4_motor.o"
#        "D:\Files\SJTU\second_second\engineering4-D\HSPv2
#        _C8\Debug\Obj\Main_13238667732884069010.dir\main.o"
#        "D:\Files\SJTU\second_second\engineering4-D\HSPv2
#        _C8\Debug\Obj\App_2489385672134236918.dir\Project1_LineFollower.o"
#        "D:\Files\SJTU\second_second\engineering4-D\HSPv2
#        _C8\Debug\Obj\Startup_17868067532763321386.dir\startup_gd32f450_470.o"
#        "D:\Files\SJTU\second_second\engineering4-D\HSPv2
#        _C8\Debug\Obj\CMSIS_13545061835669826545.dir\system_gd32f4xx.o"
#        "D:\Files\SJTU\second_second\engineering4-D\HSPv2
#        _C8\Debug\Obj\Main_13238667732884069010.dir\systick.o" --redirect
#        _Printf=_PrintfFullNoMb --redirect _Scanf=_ScanfFullNoMb
#        --no_out_extension -o
#        "D:\Files\SJTU\second_second\engineering4-D\HSPv2
#        _C8\Debug\Exe\HSP.out" --map
#        "D:\Files\SJTU\second_second\engineering4-D\HSPv2
#        _C8\Debug\List\HSP.map" --config "D:\Program Files\IAR
#        Systems\Embedded Workbench 9.2\arm/config/linker/GD/GD32F470xG.icf"
#        --semihosting --entry __iar_program_start --redirect
#        __write=__write_buffered --vfe --text_out locale --cpu=Cortex-M4
#        --fpu=VFPv4_sp) --dependencies=n
#        "D:\Files\SJTU\second_second\engineering4-D\HSPv2
#        _C8\Debug\Exe\HSP.out.iar_deps"
#
###############################################################################

*******************************************************************************
*** RUNTIME MODEL ATTRIBUTES
***

CppFlavor       = *
__CPP_Runtime   = 1
__SystemLibrary = DLib
__dlib_version  = 6


*******************************************************************************
*** HEAP SELECTION
***

The basic heap was selected because --advanced_heap
was not specified and the application did not appear to
be primarily optimized for speed.


*******************************************************************************
*** PLACEMENT SUMMARY
***

"A0":  place at address 0x800'0000 { ro section .intvec };
"P1":  place in [from 0x800'0000 to 0x80f'ffff] { ro };
define block CSTACK with size = 8K, alignment = 8 { };
define block HEAP with size = 8K, alignment = 8 { };
"P2":  place in [from 0x2000'0000 to 0x2006'ffff] {
          rw, block CSTACK, block HEAP };
initialize by copy { rw };

No sections matched the following patterns:

  section .sram  in "P3"


  Section            Kind         Address  Aligment      Size  Object
  -------            ----         -------  --------      ----  ------
"A0":                                                   0x1ac
  .intvec            ro code   0x800'0000         4     0x1ac  startup_gd32f450_470.o [6]
                             - 0x800'01ac               0x1ac

"P1":                                                0x1'393a
  .rodata            const     0x800'01ac         4    0xa000  Ex3_tft18.o [1]
  .text              ro code   0x800'a1ac         4    0x1030  00_MENU.o [1]
  .text              ro code   0x800'b1dc         4      0xf0  hsp_spi.o [2]
  .text              ro code   0x800'b2cc         4     0x938  HSP_TFT18.o [7]
  .text              ro code   0x800'bc04         4     0x17a  gd32f4xx_gpio.o [4]
  .text              ro code   0x800'bd7e         2      0x7e  lz77_init_single.o [10]
  .text              ro code   0x800'bdfc         4      0xb8  systick.o [5]
  .text              ro code   0x800'beb4         4     0x3dc  gd32f4xx_rcu.o [4]
  .text              ro code   0x800'c290         4      0x10  gd32f4xx_pmu.o [4]
  .text              ro code   0x800'c2a0         4     0x224  gd32f4xx_rtc.o [4]
  .text              ro code   0x800'c4c4         4     0x18c  hsp_rtc.o [2]
  .text              ro code   0x800'c650         4      0x40  sprintf.o [8]
  .text              ro code   0x800'c690         4     0x44a  hsp_i2c.o [2]
  .text              ro code   0x800'cada         2       0xa  xsprout.o [8]
  .text              ro code   0x800'cae4         4      0xa4  HSP_CAT9555.o [7]
  .text              ro code   0x800'cb88         4     0x1e4  hsp_gpio.o [2]
  .text              ro code   0x800'cd6c         4      0x6a  gd32f4xx_spi.o [4]
  .rodata            const     0x800'cdd6         2       0x2  xlocale_c.o [8]
  .text              ro code   0x800'cdd8         4     0x618  gd32f4xx_dma.o [4]
  .text              ro code   0x800'd3f0         4      0xa6  ABImemcpy.o [10]
  .rodata            const     0x800'd496                 0x1  xlocale_c.o [8]
  .text              ro code   0x800'd498         4     0xeca  xprintffull_nomb.o [8]
  .text              ro code   0x800'e364         4     0x294  gd32f4xx_i2c.o [4]
  .text              ro code   0x800'e5f8         4      0x16  strchr.o [10]
  .text              ro code   0x800'e610         4      0x40  xfail_s.o [8]
  .text              ro code   0x800'e650         4      0x36  strlen.o [10]
  .text              ro code   0x800'e688         4      0x58  memchr.o [10]
  .text              ro code   0x800'e6e0         4      0x70  frexp.o [9]
  .text              ro code   0x800'e750         4      0x34  DblCmpLe.o [9]
  .text              ro code   0x800'e784         4      0x34  DblCmpGe.o [9]
  .text              ro code   0x800'e7b8         4     0x13a  ldexp.o [9]
  .text              ro code   0x800'e8f4         4      0x36  DblToS32.o [9]
  .text              ro code   0x800'e92c         4      0x22  S32ToDbl.o [9]
  .text              ro code   0x800'e950         4     0x25e  DblAddSub.o [9]
  .text              ro code   0x800'ebb0         4     0x246  DblDiv.o [9]
  .text              ro code   0x800'edf8         4      0x22  DblToU32.o [9]
  .text              ro code   0x800'ee1c         4      0x1c  U32ToDbl.o [9]
  .text              ro code   0x800'ee38         4     0x1aa  DblMul.o [9]
  .text              ro code   0x800'efe4         4       0x8  xlocale_c.o [8]
  .text              ro code   0x800'efec         4     0x230  I64DivMod.o [10]
  .text              ro code   0x800'f21c         2       0x6  abort.o [8]
  .text              ro code   0x800'f224         4       0x2  I64DivZer.o [10]
  .text              ro code   0x800'f228         4      0x14  exit.o [11]
  .text              ro code   0x800'f23c         4     0xb42  gd32f4xx_timer.o [4]
  .text              ro code   0x800'fd80         4     0x864  HSP_MT9V034.o [7]
  .text              ro code   0x801'05e4         4     0x2a0  hsp_dci.o [2]
  .text              ro code   0x801'0884         4      0x68  DblToFlt.o [9]
  .text              ro code   0x801'08ec         4      0x4c  gd32f4xx_dci.o [4]
  .text              ro code   0x801'0938         4      0xe8  gd32f4xx_misc.o [4]
  .rodata            const     0x801'0a20         4     0x5f0  HSP_TFT18.o [7]
  .text              ro code   0x801'1010         4     0x558  Project1_LineFollower.o [1]
  .text              ro code   0x801'1568         2       0x8  abs.o [8]
  .text              ro code   0x801'1570         4     0x3cc  hsp_timer.o [2]
  .text              ro code   0x801'193c         4     0x13c  HSP_MOTOR.o [7]
  .text              ro code   0x801'1a78         4     0x19c  Ex7_dci.o [1]
  .text              ro code   0x801'1c14         2       0x4  exit.o [8]
  .text              ro code   0x801'1c18         4       0xe  cexit.o [10]
  .text              ro code   0x801'1c28         4      0x40  xcloseall.o [8]
  .text              ro code   0x801'1c68         4      0xb8  xxwritebuffered.o [8]
  .text              ro code   0x801'1d20         4      0x3c  HSP_WRITE.o [7]
  .text              ro code   0x801'1d5c         4      0x2e  gd32f4xx_usart.o [4]
  .text              ro code   0x801'1d8c         4     0x4c0  HSP_MMA8451.o [7]
  .text              ro code   0x801'224c         4      0x28  printf.o [8]
  .text              ro code   0x801'2274         4     0x348  gd32f4xx_adc.o [4]
  .text              ro code   0x801'25bc         4     0x2f4  Lab3_ccd.o [1]
  .text              ro code   0x801'28b0         4     0x1ce  HSP_TSL1401.o [7]
  .text              ro code   0x801'2a80         4     0x14c  hsp_adc.o [2]
  .text              ro code   0x801'2bcc         4     0x1f4  Ex2_I2c.o [1]
  .text              ro code   0x801'2dc0         4     0x102  sqrt.o [9]
  .rodata            const     0x801'2ec4         4     0x198  HSP_TFT18.o [7]
  .text              ro code   0x801'305c         4     0x170  Ex6_pwm.o [1]
  .text              ro code   0x801'31cc         4     0x15c  system_gd32f4xx.o [3]
  .text              ro code   0x801'3328         4      0xac  gd32f4xx_it.o [5]
  .text              ro code   0x801'33d4         4      0x20  gd32f4xx_exti.o [4]
  .text              ro code   0x801'33f4         4      0x8c  main.o [5]
  .text              ro code   0x801'3480         4      0x2c  Ex3_tft18.o [1]
  .rodata            const     0x801'34ac         4      0x80  00_MENU.o [1]
  .text              ro code   0x801'352c         4      0x44  putchar.o [8]
  .text              ro code   0x801'3570         2      0x38  zero_init3.o [10]
  .text              ro code   0x801'35a8         4      0x2a  data_init.o [10]
  .text              ro code   0x801'35d4         4      0x22  fpinit_M.o [9]
  .iar.init_table    const     0x801'35f8         4      0x28  - Linker created -
  .rodata            const     0x801'3620         4      0x20  00_MENU.o [1]
  .rodata            const     0x801'3640         4      0x20  00_MENU.o [1]
  .text              ro code   0x801'3660         4      0x1e  cmain.o [10]
  .text              ro code   0x801'367e         2       0x4  low_level_init.o [8]
  .text              ro code   0x801'3684         4      0x1c  cstartup_M.o [10]
  .rodata            const     0x801'36a0         4      0x18  00_MENU.o [1]
  .rodata            const     0x801'36b8         4      0x18  00_MENU.o [1]
  .rodata            const     0x801'36d0         4      0x18  00_MENU.o [1]
  .rodata            const     0x801'36e8         4      0x18  00_MENU.o [1]
  .rodata            const     0x801'3700         4      0x18  HSP_MMA8451.o [7]
  .rodata            const     0x801'3718         4      0x18  HSP_MT9V034.o [7]
  .rodata            const     0x801'3730         4      0x18  Lab3_ccd.o [1]
  .rodata            const     0x801'3748         4      0x18  Lab3_ccd.o [1]
  .rodata            const     0x801'3760         4      0x18  Lab3_ccd.o [1]
  .text              ro code   0x801'3778         2      0x16  xprout.o [8]
  .rodata            const     0x801'3790         4      0x14  HSP_MT9V034.o [7]
  .rodata            const     0x801'37a4         4      0x10  gd32f4xx_rcu.o [4]
  .rodata            const     0x801'37b4         4      0x10  HSP_MT9V034.o [7]
  .text              ro code   0x801'37c4         4      0x10  startup_gd32f450_470.o [6]
  .rodata            const     0x801'37d4         4       0xc  00_MENU.o [1]
  .rodata            const     0x801'37e0         4       0xc  00_MENU.o [1]
  .rodata            const     0x801'37ec         4       0xc  00_MENU.o [1]
  .rodata            const     0x801'37f8         4       0xc  00_MENU.o [1]
  .rodata            const     0x801'3804         4       0xc  00_MENU.o [1]
  .rodata            const     0x801'3810         4       0xc  00_MENU.o [1]
  .rodata            const     0x801'381c         4       0xc  00_MENU.o [1]
  .rodata            const     0x801'3828         4       0x8  00_MENU.o [1]
  .rodata            const     0x801'3830         4       0x8  00_MENU.o [1]
  .rodata            const     0x801'3838         4       0x8  00_MENU.o [1]
  .rodata            const     0x801'3840         4       0x8  00_MENU.o [1]
  .rodata            const     0x801'3848         4       0x8  00_MENU.o [1]
  .rodata            const     0x801'3850         4       0x8  00_MENU.o [1]
  .rodata            const     0x801'3858         4       0x8  gd32f4xx_rcu.o [4]
  .rodata            const     0x801'3860         4       0x8  gd32f4xx_rcu.o [4]
  .rodata            const     0x801'3868         4       0x8  HSP_MT9V034.o [7]
  .rodata            const     0x801'3870         4       0x4  Project1_LineFollower.o [1]
  .rodata            const     0x801'3878         8       0x8  Project1_LineFollower.o [1]
  .rodata            const     0x801'3880         8       0x8  Project1_LineFollower.o [1]
  .rodata            const     0x801'3888         8       0x8  Project1_LineFollower.o [1]
  .text              ro code   0x801'3890         2       0x4  startup_gd32f450_470.o [6]
  .text              ro code   0x801'3894         2       0x4  startup_gd32f450_470.o [6]
  .text              ro code   0x801'3898         2       0x4  startup_gd32f450_470.o [6]
  .text              ro code   0x801'389c         2       0x4  startup_gd32f450_470.o [6]
  .text              ro code   0x801'38a0         2       0x4  startup_gd32f450_470.o [6]
  .text              ro code   0x801'38a4         2       0x4  startup_gd32f450_470.o [6]
  .text              ro code   0x801'38a8         2       0x4  startup_gd32f450_470.o [6]
  .text              ro code   0x801'38ac         2       0x4  startup_gd32f450_470.o [6]
  .text              ro code   0x801'38b0         2       0x4  startup_gd32f450_470.o [6]
  .text              ro code   0x801'38b4         2       0x4  startup_gd32f450_470.o [6]
  .text              ro code   0x801'38b8         2       0x4  startup_gd32f450_470.o [6]
  .text              ro code   0x801'38bc         2       0x4  startup_gd32f450_470.o [6]
  .text              ro code   0x801'38c0         2       0x4  startup_gd32f450_470.o [6]
  .text              ro code   0x801'38c4         2       0x4  startup_gd32f450_470.o [6]
  .text              ro code   0x801'38c8         2       0x4  startup_gd32f450_470.o [6]
  .text              ro code   0x801'38cc         2       0x4  startup_gd32f450_470.o [6]
  .text              ro code   0x801'38d0         2       0x4  startup_gd32f450_470.o [6]
  .text              ro code   0x801'38d4         2       0x4  startup_gd32f450_470.o [6]
  .text              ro code   0x801'38d8         2       0x4  startup_gd32f450_470.o [6]
  .text              ro code   0x801'38dc         2       0x4  startup_gd32f450_470.o [6]
  .text              ro code   0x801'38e0         2       0x4  startup_gd32f450_470.o [6]
  .text              ro code   0x801'38e4         2       0x4  startup_gd32f450_470.o [6]
  .text              ro code   0x801'38e8         2       0x4  startup_gd32f450_470.o [6]
  .text              ro code   0x801'38ec         2       0x4  startup_gd32f450_470.o [6]
  .text              ro code   0x801'38f0         2       0x4  startup_gd32f450_470.o [6]
  .text              ro code   0x801'38f4         2       0x4  startup_gd32f450_470.o [6]
  .text              ro code   0x801'38f8         2       0x4  startup_gd32f450_470.o [6]
  .text              ro code   0x801'38fc         2       0x4  startup_gd32f450_470.o [6]
  .text              ro code   0x801'3900         2       0x4  startup_gd32f450_470.o [6]
  .text              ro code   0x801'3904         2       0x4  startup_gd32f450_470.o [6]
  .text              ro code   0x801'3908         2       0x4  startup_gd32f450_470.o [6]
  .text              ro code   0x801'390c         2       0x4  startup_gd32f450_470.o [6]
  .text              ro code   0x801'3910         2       0x4  startup_gd32f450_470.o [6]
  .text              ro code   0x801'3914         2       0x4  startup_gd32f450_470.o [6]
  .text              ro code   0x801'3918         2       0x4  startup_gd32f450_470.o [6]
  .text              ro code   0x801'391c         2       0x4  startup_gd32f450_470.o [6]
  .text              ro code   0x801'3920         2       0x4  startup_gd32f450_470.o [6]
  .text              ro code   0x801'3924         2       0x4  startup_gd32f450_470.o [6]
  .text              ro code   0x801'3928         2       0x4  startup_gd32f450_470.o [6]
  .text              ro code   0x801'392c         2       0x4  startup_gd32f450_470.o [6]
  .text              ro code   0x801'3930         2       0x4  startup_gd32f450_470.o [6]
  .text              ro code   0x801'3934         2       0x4  startup_gd32f450_470.o [6]
  .text              ro code   0x801'3938         2       0x4  startup_gd32f450_470.o [6]
  .text              ro code   0x801'393c         2       0x4  startup_gd32f450_470.o [6]
  .text              ro code   0x801'3940         2       0x4  startup_gd32f450_470.o [6]
  .text              ro code   0x801'3944         2       0x4  startup_gd32f450_470.o [6]
  .text              ro code   0x801'3948         2       0x4  startup_gd32f450_470.o [6]
  .text              ro code   0x801'394c         2       0x4  startup_gd32f450_470.o [6]
  .text              ro code   0x801'3950         2       0x4  startup_gd32f450_470.o [6]
  .text              ro code   0x801'3954         2       0x4  startup_gd32f450_470.o [6]
  .text              ro code   0x801'3958         2       0x4  startup_gd32f450_470.o [6]
  .text              ro code   0x801'395c         2       0x4  startup_gd32f450_470.o [6]
  .text              ro code   0x801'3960         2       0x4  startup_gd32f450_470.o [6]
  .text              ro code   0x801'3964         2       0x4  startup_gd32f450_470.o [6]
  .text              ro code   0x801'3968         2       0x4  startup_gd32f450_470.o [6]
  .text              ro code   0x801'396c         2       0x4  startup_gd32f450_470.o [6]
  .text              ro code   0x801'3970         2       0x4  startup_gd32f450_470.o [6]
  .text              ro code   0x801'3974         2       0x4  startup_gd32f450_470.o [6]
  .text              ro code   0x801'3978         2       0x4  startup_gd32f450_470.o [6]
  .text              ro code   0x801'397c         2       0x4  startup_gd32f450_470.o [6]
  .text              ro code   0x801'3980         2       0x4  startup_gd32f450_470.o [6]
  .text              ro code   0x801'3984         2       0x4  startup_gd32f450_470.o [6]
  .text              ro code   0x801'3988         2       0x4  startup_gd32f450_470.o [6]
  .text              ro code   0x801'398c         2       0x4  startup_gd32f450_470.o [6]
  .text              ro code   0x801'3990         2       0x4  startup_gd32f450_470.o [6]
  .text              ro code   0x801'3994         2       0x4  startup_gd32f450_470.o [6]
  .text              ro code   0x801'3998         2       0x4  startup_gd32f450_470.o [6]
  .text              ro code   0x801'399c         2       0x4  startup_gd32f450_470.o [6]
  .text              ro code   0x801'39a0         2       0x4  startup_gd32f450_470.o [6]
  .text              ro code   0x801'39a4         2       0x4  startup_gd32f450_470.o [6]
  .text              ro code   0x801'39a8         2       0x4  startup_gd32f450_470.o [6]
  .text              ro code   0x801'39ac         2       0x4  startup_gd32f450_470.o [6]
  .text              ro code   0x801'39b0         2       0x4  startup_gd32f450_470.o [6]
  .text              ro code   0x801'39b4         2       0x4  startup_gd32f450_470.o [6]
  .text              ro code   0x801'39b8         2       0x4  startup_gd32f450_470.o [6]
  .text              ro code   0x801'39bc         2       0x4  startup_gd32f450_470.o [6]
  .text              ro code   0x801'39c0         2       0x4  startup_gd32f450_470.o [6]
  .text              ro code   0x801'39c4         2       0x4  startup_gd32f450_470.o [6]
  .text              ro code   0x801'39c8         2       0x4  startup_gd32f450_470.o [6]
  .text              ro code   0x801'39cc         2       0x4  startup_gd32f450_470.o [6]
  .text              ro code   0x801'39d0         2       0x4  startup_gd32f450_470.o [6]
  .text              ro code   0x801'39d4         2       0x4  startup_gd32f450_470.o [6]
  .text              ro code   0x801'39d8         2       0x4  startup_gd32f450_470.o [6]
  .text              ro code   0x801'39dc         2       0x4  startup_gd32f450_470.o [6]
  .text              ro code   0x801'39e0         2       0x4  startup_gd32f450_470.o [6]
  .text              ro code   0x801'39e4         2       0x4  startup_gd32f450_470.o [6]
  .text              ro code   0x801'39e8         4       0x0  cstart_closeall.o [10]
  .rodata            const     0x801'39e8                 0x0  zero_init3.o [10]
  .rodata            const     0x801'39e8                 0x0  lz77_init_single.o [10]
  Initializer bytes  const     0x801'39e8                0xfe  <for P2-1>
                             - 0x801'3ae6            0x1'393a

"P2", part 1 of 3:                                      0x1e8
  P2-1                        0x2000'0000               0x1e8  <Init block>
    .data            inited   0x2000'0000         4      0xa0  00_MENU.o [1]
    .data            inited   0x2000'00a0         4      0x10  HSP_CAT9555.o [7]
    .data            inited   0x2000'00b0         4       0x4  Project1_LineFollower.o [1]
    .data            inited   0x2000'00b4         4       0x4  system_gd32f4xx.o [3]
    .data            inited   0x2000'00b8         4      0x38  xlocale_c.o [8]
    .data            inited   0x2000'00f0         4      0x48  xfiles.o [8]
    .data            inited   0x2000'0138         4      0x48  xfiles.o [8]
    .data            inited   0x2000'0180         4      0x48  xfiles.o [8]
    .data            inited   0x2000'01c8         4      0x20  xfiles.o [8]
                            - 0x2000'01e8               0x1e8

"P2", part 2 of 3:                                     0xb754
  .bss               zero     0x2000'01e8         4    0x4600  Ex7_dci.o [1]
  .bss               zero     0x2000'4800        32    0x3200  Ex7_dci.o [1]
  .bss               zero     0x2000'7a00         4    0x1d60  Ex7_dci.o [1]
  .bss               zero     0x2000'9760         4    0x1d60  Ex7_dci.o [1]
  .bss               zero     0x2000'b4c0         4     0x100  Lab3_ccd.o [1]
  .bss               zero     0x2000'b5c0         4     0x100  Lab3_ccd.o [1]
  .bss               zero     0x2000'b6c0         4      0xf8  Lab3_ccd.o [1]
  .bss               zero     0x2000'b7b8         4      0x54  xxwritebuffered.o [8]
  .bss               zero     0x2000'b80c         4      0x50  xfiles.o [8]
  .bss               zero     0x2000'b85c         4      0x50  xfiles.o [8]
  .bss               zero     0x2000'b8ac         4      0x14  00_MENU.o [1]
  .bss               zero     0x2000'b8c0         4      0x14  00_MENU.o [1]
  .bss               zero     0x2000'b8d4         4      0x10  00_MENU.o [1]
  .bss               zero     0x2000'b8e4         4       0x8  00_MENU.o [1]
  .bss               zero     0x2000'b8ec         4       0x4  Ex2_I2c.o [1]
  .bss               zero     0x2000'b8f0         4       0x4  gd32f4xx_it.o [5]
  .bss               zero     0x2000'b8f4         4       0x4  gd32f4xx_it.o [5]
  .bss               zero     0x2000'b8f8         4       0x4  hsp_rtc.o [2]
  .bss               zero     0x2000'b8fc         4       0x4  hsp_rtc.o [2]
  .bss               zero     0x2000'b900         4       0x4  main.o [5]
  .bss               zero     0x2000'b904         4       0x4  Project1_LineFollower.o [1]
  .bss               zero     0x2000'b908         4       0x4  systick.o [5]
  .bss               zero     0x2000'b90c         4       0x4  xfail_s.o [8]
  .bss               zero     0x2000'b910         2       0x2  00_MENU.o [1]
  .bss               zero     0x2000'b912         2       0x2  00_MENU.o [1]
  .bss               zero     0x2000'b914         2       0x2  Ex2_I2c.o [1]
  .bss               zero     0x2000'b916         2       0x2  Ex2_I2c.o [1]
  .bss               zero     0x2000'b918         2       0x2  Ex2_I2c.o [1]
  .bss               zero     0x2000'b91a         2       0x2  Ex2_I2c.o [1]
  .bss               zero     0x2000'b91c         2       0x2  Ex2_I2c.o [1]
  .bss               zero     0x2000'b91e         2       0x2  Ex2_I2c.o [1]
  .bss               zero     0x2000'b920         2       0x2  hsp_timer.o [2]
  .bss               zero     0x2000'b922         2       0x2  Lab3_ccd.o [1]
  .bss               zero     0x2000'b924         2       0x2  Lab3_ccd.o [1]
  .bss               zero     0x2000'b926         2       0x2  Lab3_ccd.o [1]
  .bss               zero     0x2000'b928         2       0x2  Lab3_ccd.o [1]
  .bss               zero     0x2000'b92a         2       0x2  main.o [5]
  .bss               zero     0x2000'b92c         2       0x2  Project1_LineFollower.o [1]
  .bss               zero     0x2000'b92e         2       0x2  Project1_LineFollower.o [1]
  .bss               zero     0x2000'b930                 0x1  00_MENU.o [1]
  .bss               zero     0x2000'b931                 0x1  Ex7_dci.o [1]
  .bss               zero     0x2000'b932                 0x1  Ex7_dci.o [1]
  .bss               zero     0x2000'b933                 0x1  Lab3_ccd.o [1]
  .bss               zero     0x2000'b934                 0x1  Lab3_ccd.o [1]
  .bss               zero     0x2000'b935                 0x1  Lab3_ccd.o [1]
  .bss               zero     0x2000'b936                 0x1  Lab3_ccd.o [1]
  .bss               zero     0x2000'b937                 0x1  main.o [5]
  .bss               zero     0x2000'b938                 0x1  main.o [5]
  .bss               zero     0x2000'b939                 0x1  Project1_LineFollower.o [1]
  .bss               zero     0x2000'b93a                 0x1  Project1_LineFollower.o [1]
  .bss               zero     0x2000'b93b                 0x1  Project1_LineFollower.o [1]
                            - 0x2000'b93c              0xb754

"P2", part 3 of 3:                                     0x2000
  CSTACK                      0x2000'b940         8    0x2000  <Block>
    CSTACK           uninit   0x2000'b940              0x2000  <Block tail>
                            - 0x2000'd940              0x2000

Absolute sections:                                     0x5820
  .bss               zero     0x2003'0000              0x5820  main.o [5]
                            - 0x2003'5820              0x5820

Unused ranges:

         From           To      Size
         ----           --      ----
   0x801'3ae6   0x80f'ffff  0xe'c51a
  0x2000'b93c  0x2000'b93f       0x4
  0x2000'd940  0x2002'ffff  0x2'26c0
  0x2003'5820  0x2006'ffff  0x3'a7e0


*******************************************************************************
*** INIT TABLE
***

          Address      Size
          -------      ----
Zero (__iar_zero_init3)
    2 destination ranges, total size 0x1'0f74:
          0x2000'01e8  0xb754
          0x2003'0000  0x5820

Copy/lz77 (__iar_lz77_init_single3)
    1 source range, total size 0xfe (52% of destination):
           0x801'39e8    0xfe
    1 destination range, total size 0x1e8:
          0x2000'0000   0x1e8



*******************************************************************************
*** MODULE SUMMARY
***

    Module                   ro code  ro data  rw data  rw data
                                                         (abs)
    ------                   -------  -------  -------  -------
command line/config:
    -----------------------------------------------------------
    Total:

D:\Files\SJTU\second_second\engineering4-D\HSPv2 _C8\Debug\Obj\App_2489385672134236918.dir: [1]
    00_MENU.o                  4'144      503      229
    Ex2_I2c.o                    500                16
    Ex3_tft18.o                   44   40'960
    Ex6_pwm.o                    368
    Ex7_dci.o                    412            45'762
    Lab3_ccd.o                   756       72      772
    Project1_LineFollower.o    1'368       30       15
    -----------------------------------------------------------
    Total:                     7'592   41'565   46'794

D:\Files\SJTU\second_second\engineering4-D\HSPv2 _C8\Debug\Obj\Board_7221520210927654578.dir: [2]
    hsp_adc.o                    332
    hsp_dci.o                    672
    hsp_gpio.o                   484
    hsp_i2c.o                  1'098
    hsp_rtc.o                    396                 8
    hsp_spi.o                    240
    hsp_timer.o                  972                 2
    -----------------------------------------------------------
    Total:                     4'194                10

D:\Files\SJTU\second_second\engineering4-D\HSPv2 _C8\Debug\Obj\CMSIS_13545061835669826545.dir: [3]
    system_gd32f4xx.o            348        2        4
    -----------------------------------------------------------
    Total:                       348        2        4

D:\Files\SJTU\second_second\engineering4-D\HSPv2 _C8\Debug\Obj\GD32F470_Peripherals_11143062579488607573.dir: [4]
    gd32f4xx_adc.o               840
    gd32f4xx_dci.o                76
    gd32f4xx_dma.o             1'560
    gd32f4xx_exti.o               32
    gd32f4xx_gpio.o              378
    gd32f4xx_i2c.o               660
    gd32f4xx_misc.o              232
    gd32f4xx_pmu.o                16
    gd32f4xx_rcu.o               988       32
    gd32f4xx_rtc.o               548
    gd32f4xx_spi.o               106
    gd32f4xx_timer.o           2'882
    gd32f4xx_usart.o              46
    -----------------------------------------------------------
    Total:                     8'364       32

D:\Files\SJTU\second_second\engineering4-D\HSPv2 _C8\Debug\Obj\Main_13238667732884069010.dir: [5]
    gd32f4xx_it.o                172                 8
    main.o                       140                 8   22'560
    systick.o                    184                 4
    -----------------------------------------------------------
    Total:                       496                20   22'560

D:\Files\SJTU\second_second\engineering4-D\HSPv2 _C8\Debug\Obj\Startup_17868067532763321386.dir: [6]
    startup_gd32f450_470.o       788
    -----------------------------------------------------------
    Total:                       788

D:\Files\SJTU\second_second\engineering4-D\HSPv2 _C8\Debug\Obj\Utilities_17002154029713865955.dir: [7]
    HSP_CAT9555.o                164        8       16
    HSP_MMA8451.o              1'216       24
    HSP_MOTOR.o                  316
    HSP_MT9V034.o              2'148       68
    HSP_TFT18.o                2'360    1'928
    HSP_TSL1401.o                462
    HSP_WRITE.o                   60
    -----------------------------------------------------------
    Total:                     6'726    2'028       16

dl7M_tlf.a: [8]
    abort.o                        6
    abs.o                          8
    exit.o                         4
    low_level_init.o               4
    printf.o                      40
    putchar.o                     68
    sprintf.o                     64
    xcloseall.o                   64
    xfail_s.o                     64                 4
    xfiles.o                              129      408
    xlocale_c.o                    8       32       56
    xprintffull_nomb.o         3'786
    xprout.o                      22
    xsprout.o                     10
    xxwritebuffered.o            184                84
    -----------------------------------------------------------
    Total:                     4'332      161      552

m7M_tls.a: [9]
    DblAddSub.o                  606
    DblCmpGe.o                    52
    DblCmpLe.o                    52
    DblDiv.o                     582
    DblMul.o                     426
    DblToFlt.o                   104
    DblToS32.o                    54
    DblToU32.o                    34
    S32ToDbl.o                    34
    U32ToDbl.o                    28
    fpinit_M.o                    34
    frexp.o                      112
    ldexp.o                      314
    sqrt.o                       258
    -----------------------------------------------------------
    Total:                     2'690

rt7M_tl.a: [10]
    ABImemcpy.o                  166
    I64DivMod.o                  560
    I64DivZer.o                    2
    cexit.o                       14
    cmain.o                       30
    cstart_closeall.o
    cstartup_M.o                  28
    data_init.o                   42
    lz77_init_single.o           126
    memchr.o                      88
    strchr.o                      22
    strlen.o                      54
    zero_init3.o                  56
    -----------------------------------------------------------
    Total:                     1'188

shb_l.a: [11]
    exit.o                        20
    -----------------------------------------------------------
    Total:                        20

    Gaps                          37       10       24
    Linker created                         41    8'192
---------------------------------------------------------------
    Grand Total:              36'775   43'839   55'612   22'560


*******************************************************************************
*** ENTRY LIST
***

Entry                       Address    Size  Type      Object
-----                       -------    ----  ----      ------
.iar.init_table$$Base    0x801'35f8           --   Gb  - Linker created -
.iar.init_table$$Limit   0x801'3620           --   Gb  - Linker created -
?main                    0x801'3661          Code  ??  cmain.o [10]
ADC_IRQHandler           0x801'38d9          Code  Wk  startup_gd32f450_470.o [6]
Arrow16x16               0x801'34ac    0x80  Data  ??  00_MENU.o [1]
BCD2BIN                  0x800'aa51    0x18  Code  ??  00_MENU.o [1]
BIN2BCD                  0x800'aa69    0x20  Code  ??  00_MENU.o [1]
BasePulseWidth           0x801'3870     0x4  Data  ??  Project1_LineFollower.o [1]
BusFault_Handler         0x801'332f     0x2  Code  ??  gd32f4xx_it.o [5]
CAN0_EWMC_IRQHandler     0x801'38e9          Code  Wk  startup_gd32f450_470.o [6]
CAN0_RX0_IRQHandler      0x801'38e1          Code  Wk  startup_gd32f450_470.o [6]
CAN0_RX1_IRQHandler      0x801'38e5          Code  Wk  startup_gd32f450_470.o [6]
CAN0_TX_IRQHandler       0x801'38dd          Code  Wk  startup_gd32f450_470.o [6]
CAN1_EWMC_IRQHandler     0x801'3991          Code  Wk  startup_gd32f450_470.o [6]
CAN1_RX0_IRQHandler      0x801'3989          Code  Wk  startup_gd32f450_470.o [6]
CAN1_RX1_IRQHandler      0x801'398d          Code  Wk  startup_gd32f450_470.o [6]
CAN1_TX_IRQHandler       0x801'3985          Code  Wk  startup_gd32f450_470.o [6]
CSTACK$$Base            0x2000'b940           --   Gb  - Linker created -
CSTACK$$Limit           0x2000'd940           --   ??  - Linker created -
DCI_IRQHandler           0x801'39bd          Code  Wk  startup_gd32f450_470.o [6]
DMA0_Channel0_IRQHandler
                         0x801'38bd          Code  Wk  startup_gd32f450_470.o [6]
DMA0_Channel1_IRQHandler
                         0x801'38c1          Code  Wk  startup_gd32f450_470.o [6]
DMA0_Channel2_IRQHandler
                         0x801'38c5          Code  Wk  startup_gd32f450_470.o [6]
DMA0_Channel3_IRQHandler
                         0x801'38c9          Code  Wk  startup_gd32f450_470.o [6]
DMA0_Channel4_IRQHandler
                         0x801'38cd          Code  Wk  startup_gd32f450_470.o [6]
DMA0_Channel5_IRQHandler
                         0x801'38d1          Code  Wk  startup_gd32f450_470.o [6]
DMA0_Channel6_IRQHandler
                         0x801'38d5          Code  Wk  startup_gd32f450_470.o [6]
DMA0_Channel7_IRQHandler
                         0x801'3949          Code  Wk  startup_gd32f450_470.o [6]
DMA1_Channel0_IRQHandler
                         0x801'3969          Code  Wk  startup_gd32f450_470.o [6]
DMA1_Channel1_IRQHandler
                         0x801'396d          Code  Wk  startup_gd32f450_470.o [6]
DMA1_Channel2_IRQHandler
                         0x801'3971          Code  Wk  startup_gd32f450_470.o [6]
DMA1_Channel3_IRQHandler
                         0x801'3975          Code  Wk  startup_gd32f450_470.o [6]
DMA1_Channel4_IRQHandler
                         0x801'3979          Code  Wk  startup_gd32f450_470.o [6]
DMA1_Channel5_IRQHandler
                         0x801'3999          Code  Wk  startup_gd32f450_470.o [6]
DMA1_Channel6_IRQHandler
                         0x801'399d          Code  Wk  startup_gd32f450_470.o [6]
DMA1_Channel7_IRQHandler
                         0x801'076b    0xf2  Code  ??  hsp_dci.o [2]
DebugMon_Handler         0x801'3335     0x2  Code  ??  gd32f4xx_it.o [5]
DrawRtcDemoScreen        0x800'a8d3   0x17e  Code  ??  00_MENU.o [1]
ENET_IRQHandler          0x801'397d          Code  Wk  startup_gd32f450_470.o [6]
ENET_WKUP_IRQHandler     0x801'3981          Code  Wk  startup_gd32f450_470.o [6]
EXMC_IRQHandler          0x801'394d          Code  Wk  startup_gd32f450_470.o [6]
EXTI0_IRQHandler         0x801'38a9          Code  Wk  startup_gd32f450_470.o [6]
EXTI10_15_IRQHandler     0x801'3375    0x44  Code  ??  gd32f4xx_it.o [5]
EXTI1_IRQHandler         0x801'38ad          Code  Wk  startup_gd32f450_470.o [6]
EXTI2_IRQHandler         0x801'38b1          Code  Wk  startup_gd32f450_470.o [6]
EXTI3_IRQHandler         0x801'38b5          Code  Wk  startup_gd32f450_470.o [6]
EXTI4_IRQHandler         0x801'38b9          Code  Wk  startup_gd32f450_470.o [6]
EXTI5_9_IRQHandler       0x801'38ed          Code  Wk  startup_gd32f450_470.o [6]
Ex2_4_mems               0x801'2bcd   0x1d4  Code  ??  Ex2_I2c.o [1]
Ex3_3_bitmap             0x801'3481    0x24  Code  ??  Ex3_tft18.o [1]
Ex6_2_servo_manual       0x801'305d   0x168  Code  ??  Ex6_pwm.o [1]
FMC_IRQHandler           0x801'38a1          Code  Wk  startup_gd32f450_470.o [6]
FPU_IRQHandler           0x801'39c5          Code  Wk  startup_gd32f450_470.o [6]
Font16x17                0x801'2ec4   0x198  Data  ??  HSP_TFT18.o [7]
HardFault_Handler        0x801'332b     0x2  Code  ??  gd32f4xx_it.o [5]
I2C0_ER_IRQHandler       0x801'3911          Code  Wk  startup_gd32f450_470.o [6]
I2C0_EV_IRQHandler       0x801'390d          Code  Wk  startup_gd32f450_470.o [6]
I2C1_ER_IRQHandler       0x801'3919          Code  Wk  startup_gd32f450_470.o [6]
I2C1_EV_IRQHandler       0x801'3915          Code  Wk  startup_gd32f450_470.o [6]
I2C2_ER_IRQHandler       0x801'39a9          Code  Wk  startup_gd32f450_470.o [6]
I2C2_EV_IRQHandler       0x801'39a5          Code  Wk  startup_gd32f450_470.o [6]
IPA_IRQHandler           0x801'39e5          Code  Wk  startup_gd32f450_470.o [6]
Kd                       0x801'3888     0x8  Data  ??  Project1_LineFollower.o [1]
Ki                       0x801'3880     0x8  Data  ??  Project1_LineFollower.o [1]
Kp                       0x801'3878     0x8  Data  ??  Project1_LineFollower.o [1]
LVD_IRQHandler           0x801'3895          Code  Wk  startup_gd32f450_470.o [6]
Lab3_test                0x801'25bd   0x1ee  Code  ??  Lab3_ccd.o [1]
LcdLineStr              0x2000'b8c0    0x14  Data  ??  00_MENU.o [1]
McuInfo                 0x2000'b8d4    0x10  Data  ??  00_MENU.o [1]
MemManage_Handler        0x801'332d     0x2  Code  ??  gd32f4xx_it.o [5]
MenuCursor16x16          0x801'3640    0x20  Data  ??  00_MENU.o [1]
NMI_Handler              0x801'3329     0x2  Code  ??  gd32f4xx_it.o [5]
NVIC_SetPriority         0x800'bdfd    0x2c  Code  Lc  systick.o [5]
PendSV_Handler           0x801'3337     0x2  Code  ??  gd32f4xx_it.o [5]
Project_LFR              0x801'103f   0x206  Code  ??  Project1_LineFollower.o [1]
QESVar                  0x2000'b910     0x2  Data  ??  00_MENU.o [1]
RCU_CTC_IRQHandler       0x801'38a5          Code  Wk  startup_gd32f450_470.o [6]
RES_value               0x2000'b937     0x1  Data  ??  main.o [5]
RTC_Alarm_IRQHandler     0x801'3931          Code  Wk  startup_gd32f450_470.o [6]
RTC_WKUP_IRQHandler      0x801'389d          Code  Wk  startup_gd32f450_470.o [6]
Region$$Table$$Base      0x801'35f8           --   ??  - Linker created -
Region$$Table$$Limit     0x801'3620           --   ??  - Linker created -
Reset_Handler            0x801'37c5          Code  Wk  startup_gd32f450_470.o [6]
SDIO_IRQHandler          0x801'3951          Code  Wk  startup_gd32f450_470.o [6]
SPI0_IRQHandler          0x801'391d          Code  Wk  startup_gd32f450_470.o [6]
SPI1_IRQHandler          0x801'3921          Code  Wk  startup_gd32f450_470.o [6]
SPI2_IRQHandler          0x801'3959          Code  Wk  startup_gd32f450_470.o [6]
SPI3_IRQHandler          0x801'39d1          Code  Wk  startup_gd32f450_470.o [6]
SPI4_IRQHandler          0x801'39d5          Code  Wk  startup_gd32f450_470.o [6]
SPI5_IRQHandler          0x801'39d9          Code  Wk  startup_gd32f450_470.o [6]
SVC_Handler              0x801'3333     0x2  Code  ??  gd32f4xx_it.o [5]
Scroll                  0x2000'b930     0x1  Data  ??  00_MENU.o [1]
ShowArrow16x16           0x800'aa89    0xd6  Code  ??  00_MENU.o [1]
SysTick_Config           0x800'be29    0x30  Code  Lc  systick.o [5]
SysTick_Handler          0x801'3339    0x3c  Code  ??  gd32f4xx_it.o [5]
SystemCoreClock         0x2000'00b4     0x4  Data  ??  system_gd32f4xx.o [3]
SystemInit               0x801'31cd    0x82  Code  ??  system_gd32f4xx.o [3]
TAMPER_STAMP_IRQHandler
                         0x801'3899          Code  Wk  startup_gd32f450_470.o [6]
TIMER0_BRK_TIMER8_IRQHandler
                         0x801'38f1          Code  Wk  startup_gd32f450_470.o [6]
TIMER0_Channel_IRQHandler
                         0x801'38fd          Code  Wk  startup_gd32f450_470.o [6]
TIMER0_TRG_CMT_TIMER10_IRQHandler
                         0x801'38f9          Code  Wk  startup_gd32f450_470.o [6]
TIMER0_UP_TIMER9_IRQHandler
                         0x801'38f5          Code  Wk  startup_gd32f450_470.o [6]
TIMER1_IRQHandler        0x801'3901          Code  Wk  startup_gd32f450_470.o [6]
TIMER2_IRQHandler        0x801'3905          Code  Wk  startup_gd32f450_470.o [6]
TIMER3_IRQHandler        0x801'3909          Code  Wk  startup_gd32f450_470.o [6]
TIMER4_IRQHandler        0x801'3955          Code  Wk  startup_gd32f450_470.o [6]
TIMER5_DAC_IRQHandler    0x801'3965          Code  Wk  startup_gd32f450_470.o [6]
TIMER6_IRQHandler        0x801'18e7    0x34  Code  ??  hsp_timer.o [2]
TIMER7_BRK_TIMER11_IRQHandler
                         0x801'3939          Code  Wk  startup_gd32f450_470.o [6]
TIMER7_Channel_IRQHandler
                         0x801'3945          Code  Wk  startup_gd32f450_470.o [6]
TIMER7_TRG_CMT_TIMER13_IRQHandler
                         0x801'3941          Code  Wk  startup_gd32f450_470.o [6]
TIMER7_UP_TIMER12_IRQHandler
                         0x801'393d          Code  Wk  startup_gd32f450_470.o [6]
TLI_ER_IRQHandler        0x801'39e1          Code  Wk  startup_gd32f450_470.o [6]
TLI_IRQHandler           0x801'39dd          Code  Wk  startup_gd32f450_470.o [6]
TRNG_IRQHandler          0x801'39c1          Code  Wk  startup_gd32f450_470.o [6]
UART3_IRQHandler         0x801'395d          Code  Wk  startup_gd32f450_470.o [6]
UART4_IRQHandler         0x801'3961          Code  Wk  startup_gd32f450_470.o [6]
UART6_IRQHandler         0x801'39c9          Code  Wk  startup_gd32f450_470.o [6]
UART7_IRQHandler         0x801'39cd          Code  Wk  startup_gd32f450_470.o [6]
USART0_IRQHandler        0x801'3925          Code  Wk  startup_gd32f450_470.o [6]
USART1_IRQHandler        0x801'3929          Code  Wk  startup_gd32f450_470.o [6]
USART2_IRQHandler        0x801'392d          Code  Wk  startup_gd32f450_470.o [6]
USART5_IRQHandler        0x801'39a1          Code  Wk  startup_gd32f450_470.o [6]
USBFS_IRQHandler         0x801'3995          Code  Wk  startup_gd32f450_470.o [6]
USBFS_WKUP_IRQHandler    0x801'3935          Code  Wk  startup_gd32f450_470.o [6]
USBHS_EP1_In_IRQHandler
                         0x801'39b1          Code  Wk  startup_gd32f450_470.o [6]
USBHS_EP1_Out_IRQHandler
                         0x801'39ad          Code  Wk  startup_gd32f450_470.o [6]
USBHS_IRQHandler         0x801'39b9          Code  Wk  startup_gd32f450_470.o [6]
USBHS_WKUP_IRQHandler    0x801'39b5          Code  Wk  startup_gd32f450_470.o [6]
UpdateArrowPos           0x800'ab65    0x7a  Code  ??  00_MENU.o [1]
UpdateSetValue           0x800'abdf    0x78  Code  ??  00_MENU.o [1]
UsageFault_Handler       0x801'3331     0x2  Code  ??  gd32f4xx_it.o [5]
WWDGT_IRQHandler         0x801'3891          Code  Wk  startup_gd32f450_470.o [6]
_Close_all               0x801'1c29    0x40  Code  ??  xcloseall.o [8]
_Files                  0x2000'01c8    0x20  Data  ??  xfiles.o [8]
_LC                      0x800'd499     0x6  Code  Lc  xprintffull_nomb.o [8]
_LitobFullNoMb           0x800'e185   0x10c  Code  Lc  xprintffull_nomb.o [8]
_Locale_lconv           0x2000'00b8    0x38  Data  Lc  xlocale_c.o [8]
_PrintfFullNoMb          0x800'd49f   0xcb6  Code  ??  xprintffull_nomb.o [8]
_Prout                   0x801'3779    0x16  Code  ??  xprout.o [8]
_PutcharsFullNoMb        0x800'e2ed    0x2e  Code  Lc  xprintffull_nomb.o [8]
_SProut                  0x800'cadb     0xa  Code  ??  xsprout.o [8]
__aeabi_cdcmple          0x800'e751          Code  ??  DblCmpLe.o [9]
__aeabi_cdrcmple         0x800'e785          Code  ??  DblCmpGe.o [9]
__aeabi_d2f              0x801'0885          Code  ??  DblToFlt.o [9]
__aeabi_d2iz             0x800'e8f5          Code  ??  DblToS32.o [9]
__aeabi_d2uiz            0x800'edf9          Code  ??  DblToU32.o [9]
__aeabi_dadd             0x800'e951          Code  ??  DblAddSub.o [9]
__aeabi_ddiv             0x800'ebb1          Code  ??  DblDiv.o [9]
__aeabi_dmul             0x800'ee39          Code  ??  DblMul.o [9]
__aeabi_dsub             0x800'eacd          Code  ??  DblAddSub.o [9]
__aeabi_i2d              0x800'e92d          Code  ??  S32ToDbl.o [9]
__aeabi_ldiv0            0x800'f225          Code  ??  I64DivZer.o [10]
__aeabi_memcpy           0x800'd3f1          Code  ??  ABImemcpy.o [10]
__aeabi_memcpy4          0x800'd411          Code  ??  ABImemcpy.o [10]
__aeabi_memcpy8          0x800'd411          Code  ??  ABImemcpy.o [10]
__aeabi_ui2d             0x800'ee1d          Code  ??  U32ToDbl.o [9]
__aeabi_uldivmod         0x800'efed          Code  ??  I64DivMod.o [10]
__cexit_closeall         0x801'1c1b          Code  ??  cexit.o [10]
__cmain                  0x801'3661          Code  ??  cmain.o [10]
__cstart_closeall        0x801'39e8          Data  ??  cstart_closeall.o [10]
__dwrite                 0x801'1d21    0x3c  Code  ??  HSP_WRITE.o [7]
__exit                   0x800'f229    0x14  Code  ??  exit.o [11]
__iar_Fail_s             0x800'e611    0x1c  Code  ??  xfail_s.o [8]
__iar_Memchr             0x800'e689          Code  ??  memchr.o [10]
__iar_Stderr            0x2000'0180    0x48  Data  ??  xfiles.o [8]
__iar_Stdin             0x2000'00f0    0x48  Data  ??  xfiles.o [8]
__iar_Stdout            0x2000'0138    0x48  Data  ??  xfiles.o [8]
__iar_Strchr             0x800'e5f9          Code  ??  strchr.o [10]
__iar_data_init3         0x801'35a9    0x18  Code  ??  data_init.o [10]
__iar_frexp              0x800'e6ed          Code  ??  frexp.o [9]
__iar_frexpl             0x800'e6ed          Code  ??  frexp.o [9]
__iar_init_vfp           0x801'35d5          Code  ??  fpinit_M.o [9]
__iar_ldexp64            0x800'e7b9          Code  ??  ldexp.o [9]
__iar_lz77_init_single3
                         0x800'bd7f    0x7e  Code  ??  lz77_init_single.o [10]
__iar_program_start      0x801'3685          Code  ??  cstartup_M.o [10]
__iar_scalbln64          0x800'e7b9          Code  ??  ldexp.o [9]
__iar_scalbn64           0x800'e7b9          Code  ??  ldexp.o [9]
__iar_softfp___iar_frexp64
                         0x800'e6e1          Code  ??  frexp.o [9]
__iar_softfp_frexp       0x800'e6e1          Code  ??  frexp.o [9]
__iar_softfp_frexpl      0x800'e6e1          Code  ??  frexp.o [9]
__iar_sqrt64             0x801'2dd1          Code  ??  sqrt.o [9]
__iar_vfp___iar_sqrt64   0x801'2dc1          Code  ??  sqrt.o [9]
__iar_vfp_sqrt           0x801'2dc1          Code  ??  sqrt.o [9]
__iar_vfp_sqrtl          0x801'2dc1          Code  ??  sqrt.o [9]
__iar_zero_init3         0x801'3571    0x38  Code  ??  zero_init3.o [10]
__low_level_init         0x801'367f     0x4  Code  ??  low_level_init.o [8]
__vector_table           0x800'0000          Data  ??  startup_gd32f450_470.o [6]
__write_buffered         0x801'1c69    0xb8  Code  ??  xxwritebuffered.o [8]
_call_main               0x801'366d          Code  ??  cmain.o [10]
_exit                    0x801'1c19          Code  ??  cexit.o [10]
abort                    0x800'f21d     0x6  Code  ??  abort.o [8]
abs                      0x801'1569     0x8  Code  Wk  abs.o [8]
acc_total               0x2000'b8ec     0x4  Data  ??  Ex2_I2c.o [1]
acc_x                   0x2000'b914     0x2  Data  ??  Ex2_I2c.o [1]
acc_x_t                 0x2000'b91a     0x2  Data  ??  Ex2_I2c.o [1]
acc_y                   0x2000'b916     0x2  Data  ??  Ex2_I2c.o [1]
acc_y_t                 0x2000'b91c     0x2  Data  ??  Ex2_I2c.o [1]
acc_z                   0x2000'b918     0x2  Data  ??  Ex2_I2c.o [1]
acc_z_t                 0x2000'b91e     0x2  Data  ??  Ex2_I2c.o [1]
adc_calibration_enable   0x801'2345    0x36  Code  ??  gd32f4xx_adc.o [4]
adc_channel_length_config
                         0x801'237b    0x74  Code  ??  gd32f4xx_adc.o [4]
adc_clock_config         0x801'2275    0x14  Code  ??  gd32f4xx_adc.o [4]
adc_data_alignment_config
                         0x801'2301    0x28  Code  ??  gd32f4xx_adc.o [4]
adc_enable               0x801'2329    0x1c  Code  ??  gd32f4xx_adc.o [4]
adc_external_trigger_config
                         0x801'24df    0x58  Code  ??  gd32f4xx_adc.o [4]
adc_flag_get             0x801'25a7    0x12  Code  ??  gd32f4xx_adc.o [4]
adc_inserted_channel_config
                         0x801'23ef    0xf0  Code  ??  gd32f4xx_adc.o [4]
adc_inserted_data_read   0x801'256b    0x3c  Code  ??  gd32f4xx_adc.o [4]
adc_software_trigger_enable
                         0x801'2537    0x34  Code  ??  gd32f4xx_adc.o [4]
adc_special_function_config
                         0x801'2289    0x78  Code  ??  gd32f4xx_adc.o [4]
beep                     0x801'14cb     0xa  Code  ??  Project1_LineFollower.o [1]
beeper_beep              0x801'14a9    0x22  Code  ??  Project1_LineFollower.o [1]
bin2bcd                  0x800'c631    0x20  Code  ??  hsp_rtc.o [2]
board_init               0x801'33f5    0x1c  Code  ??  main.o [5]
calculate_speed          0x801'1011    0x2e  Code  ??  Project1_LineFollower.o [1]
ccd_data_old            0x2000'b5c0   0x100  Data  ??  Lab3_ccd.o [1]
ccd_data_raw            0x2000'b4c0   0x100  Data  ??  Lab3_ccd.o [1]
check_and_perform_stop   0x801'1503    0x10  Code  ??  Project1_LineFollower.o [1]
datetime1               0x2000'b8e4     0x8  Data  ??  00_MENU.o [1]
dci_capture_enable       0x801'0925     0xc  Code  ??  gd32f4xx_dci.o [4]
dci_enable               0x801'0919     0xc  Code  ??  gd32f4xx_dci.o [4]
dci_init                 0x801'08ed    0x2c  Code  ??  gd32f4xx_dci.o [4]
delay                   0x2000'b908     0x4  Data  Lc  systick.o [5]
delay_1ms                0x800'be7d     0xc  Code  ??  systick.o [5]
delay_decrement          0x800'be89    0x10  Code  ??  systick.o [5]
delta_v                 0x2000'b6c0    0xf8  Data  ??  Lab3_ccd.o [1]
detect_black_points      0x801'147f    0x2a  Code  ??  Project1_LineFollower.o [1]
dma_channel_disable      0x800'd055    0x24  Code  ??  gd32f4xx_dma.o [4]
dma_channel_enable       0x800'd031    0x24  Code  ??  gd32f4xx_dma.o [4]
dma_channel_subperipheral_select
                         0x800'd079    0x2c  Code  ??  gd32f4xx_dma.o [4]
dma_circulation_disable
                         0x800'd00d    0x24  Code  ??  gd32f4xx_dma.o [4]
dma_deinit               0x800'cdd9    0xd0  Code  ??  gd32f4xx_dma.o [4]
dma_interrupt_enable     0x800'd0a5    0x44  Code  ??  gd32f4xx_dma.o [4]
dma_interrupt_flag_clear
                         0x800'd393    0x5e  Code  ??  gd32f4xx_dma.o [4]
dma_interrupt_flag_get   0x800'd0e9   0x2aa  Code  ??  gd32f4xx_dma.o [4]
dma_single_data_mode_init
                         0x800'cea9   0x160  Code  ??  gd32f4xx_dma.o [4]
ebuf                    0x2000'b80c    0x50  Data  Lc  xfiles.o [8]
encoder_pulse           0x2000'b8f0     0x4  Data  ??  gd32f4xx_it.o [5]
encoder_pulse_t         0x2000'b8f4     0x4  Data  ??  gd32f4xx_it.o [5]
encoder_speed           0x2000'b92a     0x2  Data  ??  main.o [5]
exit                     0x801'1c15     0x4  Code  ??  exit.o [8]
exti_interrupt_flag_clear
                         0x801'33e7     0x6  Code  ??  gd32f4xx_exti.o [4]
exti_interrupt_flag_get
                         0x801'33d5    0x12  Code  ??  gd32f4xx_exti.o [4]
gImage_Huashanpi         0x800'01ac  0xa000  Data  ??  Ex3_tft18.o [1]
gpio_af_set              0x800'bcf5    0x82  Code  ??  gd32f4xx_gpio.o [4]
gpio_bit_reset           0x800'bcd9     0x8  Code  ??  gd32f4xx_gpio.o [4]
gpio_bit_set             0x800'bcd1     0x8  Code  ??  gd32f4xx_gpio.o [4]
gpio_bit_toggle          0x800'bd77     0x8  Code  ??  gd32f4xx_gpio.o [4]
gpio_input_bit_get       0x800'bce1    0x14  Code  ??  gd32f4xx_gpio.o [4]
gpio_mode_set            0x800'bc05    0x6c  Code  ??  gd32f4xx_gpio.o [4]
gpio_output_options_set
                         0x800'bc71    0x60  Code  ??  gd32f4xx_gpio.o [4]
hsp_adc1_config          0x801'2ae5    0x6a  Code  ??  hsp_adc.o [2]
hsp_adc2_config          0x801'2b4f    0x6a  Code  ??  hsp_adc.o [2]
hsp_adc_init             0x801'2a81    0x64  Code  ??  hsp_adc.o [2]
hsp_cat9555_init         0x800'cae5    0x34  Code  ??  HSP_CAT9555.o [7]
hsp_cat9555_seg7_decimal
                         0x800'cb19    0x68  Code  ??  HSP_CAT9555.o [7]
hsp_ccd_delay            0x801'2a71     0xe  Code  ??  HSP_TSL1401.o [7]
hsp_ccd_flush            0x801'28c1    0xa6  Code  ??  HSP_TSL1401.o [7]
hsp_ccd_init             0x801'28b1    0x10  Code  ??  HSP_TSL1401.o [7]
hsp_ccd_show             0x801'27ab    0x6a  Code  ??  Lab3_ccd.o [1]
hsp_ccd_snapshot         0x801'2967    0xf6  Code  ??  HSP_TSL1401.o [7]
hsp_dci_dma_config       0x801'06f7    0x74  Code  ??  hsp_dci.o [2]
hsp_dci_init             0x801'05e5   0x112  Code  ??  hsp_dci.o [2]
hsp_demo_frame_ccd       0x801'2815    0x5a  Code  ??  Lab3_ccd.o [1]
hsp_demo_frame_sysinfo   0x800'af8d   0x1ae  Code  ??  00_MENU.o [1]
hsp_demo_hmi             0x800'ac75   0x300  Code  ??  00_MENU.o [1]
hsp_get_taskid           0x800'cd0d    0x46  Code  ??  hsp_gpio.o [2]
hsp_gpio_init            0x800'cb89   0x184  Code  ??  hsp_gpio.o [2]
hsp_i2c_init             0x800'c691    0x6c  Code  ??  hsp_i2c.o [2]
hsp_i2c_mma8451_init     0x801'1dc1    0x72  Code  ??  HSP_MMA8451.o [7]
hsp_i2c_write_2byte      0x800'c6fd    0xb2  Code  ??  hsp_i2c.o [2]
hsp_image2_binary_minmax
                         0x801'1b41    0xb8  Code  ??  Ex7_dci.o [1]
hsp_image2_show_dma      0x801'1a79    0xc8  Code  ??  Ex7_dci.o [1]
hsp_image_judge          0x801'1245   0x23a  Code  ??  Project1_LineFollower.o [1]
hsp_menu_loop            0x800'a1ad    0x74  Code  ??  00_MENU.o [1]
hsp_mma8451_config       0x801'1d8d    0x34  Code  ??  HSP_MMA8451.o [7]
hsp_mma8451_read_byte    0x801'1e33   0x158  Code  ??  HSP_MMA8451.o [7]
hsp_mma8451_read_nbyte   0x801'1f8b   0x1b2  Code  ??  HSP_MMA8451.o [7]
hsp_mma8451_write_byte   0x801'213d    0xfc  Code  ??  HSP_MMA8451.o [7]
hsp_motor_voltage        0x801'1a1b    0x58  Code  ??  HSP_MOTOR.o [7]
hsp_mt9v034_config       0x800'fe8d    0x84  Code  ??  HSP_MT9V034.o [7]
hsp_mt9v034_init         0x800'fd81   0x100  Code  ??  HSP_MT9V034.o [7]
hsp_mt9v034_set_default
                         0x800'ff11   0x45a  Code  ??  HSP_MT9V034.o [7]
hsp_mt9v034_set_exposure
                         0x801'0575    0x70  Code  ??  HSP_MT9V034.o [7]
hsp_mt9v034_set_fps      0x801'03fd   0x11c  Code  ??  HSP_MT9V034.o [7]
hsp_mt9v034_set_resolution
                         0x801'036b    0x90  Code  ??  HSP_MT9V034.o [7]
hsp_pwm_init             0x801'1571   0x2ba  Code  ??  hsp_timer.o [2]
hsp_qdec_init            0x801'182b    0xbc  Code  ??  hsp_timer.o [2]
hsp_rtc_config           0x800'c4c5    0x34  Code  ??  hsp_rtc.o [2]
hsp_rtc_demo             0x800'a2d7   0x5fc  Code  ??  00_MENU.o [1]
hsp_rtc_setup            0x800'c4f9    0xac  Code  ??  hsp_rtc.o [2]
hsp_sccb_init            0x800'c7af    0x6c  Code  ??  hsp_i2c.o [2]
hsp_sccb_read_2byte      0x800'caa9    0x32  Code  ??  hsp_i2c.o [2]
hsp_sccb_read_byte       0x800'c933   0x15a  Code  ??  hsp_i2c.o [2]
hsp_sccb_write_2byte     0x800'c90b    0x28  Code  ??  hsp_i2c.o [2]
hsp_sccb_write_byte      0x800'c81b    0xf0  Code  ??  hsp_i2c.o [2]
hsp_servo_angle          0x801'193d    0xde  Code  ??  HSP_MOTOR.o [7]
hsp_spi_dma_config       0x800'b25b    0x62  Code  ??  hsp_spi.o [2]
hsp_spi_init             0x800'b1dd    0x7e  Code  ??  hsp_spi.o [2]
hsp_spi_write_byte       0x800'b3cd    0x22  Code  Lc  HSP_TFT18.o [7]
hsp_sysinfo              0x800'b13b    0x34  Code  ??  00_MENU.o [1]
hsp_tft18_clear          0x800'b481    0x38  Code  ??  HSP_TFT18.o [7]
hsp_tft18_draw_block     0x800'bb17    0x88  Code  ??  HSP_TFT18.o [7]
hsp_tft18_draw_frame     0x800'ba6b    0xac  Code  ??  HSP_TFT18.o [7]
hsp_tft18_draw_image     0x800'bba9    0x52  Code  ??  HSP_TFT18.o [7]
hsp_tft18_draw_line_h    0x800'b9bf    0x56  Code  ??  HSP_TFT18.o [7]
hsp_tft18_draw_line_v    0x800'ba15    0x56  Code  ??  HSP_TFT18.o [7]
hsp_tft18_draw_pixel     0x800'b4d5    0x26  Code  ??  HSP_TFT18.o [7]
hsp_tft18_init           0x800'b2cd   0x100  Code  ??  HSP_TFT18.o [7]
hsp_tft18_set_region     0x800'b443    0x3e  Code  ??  HSP_TFT18.o [7]
hsp_tft18_set_xy         0x800'b4b9    0x1c  Code  ??  HSP_TFT18.o [7]
hsp_tft18_show_char      0x800'b4fb    0x80  Code  ??  HSP_TFT18.o [7]
hsp_tft18_show_char16    0x800'b685    0xc4  Code  ??  HSP_TFT18.o [7]
hsp_tft18_show_char_color
                         0x800'b57b    0x8a  Code  ??  HSP_TFT18.o [7]
hsp_tft18_show_int16     0x800'b7f5    0xdc  Code  ??  HSP_TFT18.o [7]
hsp_tft18_show_int16_color
                         0x800'b8d1    0xee  Code  ??  HSP_TFT18.o [7]
hsp_tft18_show_int8      0x800'b74d    0xa8  Code  ??  HSP_TFT18.o [7]
hsp_tft18_show_str       0x800'b605    0x36  Code  ??  HSP_TFT18.o [7]
hsp_tft18_show_str_color
                         0x800'b63b    0x4a  Code  ??  HSP_TFT18.o [7]
hsp_tft18_write_2byte    0x800'b41f    0x24  Code  ??  HSP_TFT18.o [7]
hsp_tft18_write_byte     0x800'b407    0x18  Code  ??  HSP_TFT18.o [7]
hsp_tft18_write_cmd      0x800'b3ef    0x18  Code  ??  HSP_TFT18.o [7]
i2c_ack_config           0x800'e513     0xe  Code  ??  gd32f4xx_i2c.o [4]
i2c_analog_noise_filter_enable
                         0x800'e56b    0x12  Code  ??  gd32f4xx_i2c.o [4]
i2c_clock_config         0x800'e3bd   0x136  Code  ??  gd32f4xx_i2c.o [4]
i2c_data_receive         0x800'e563     0x8  Code  ??  gd32f4xx_i2c.o [4]
i2c_data_transmit        0x800'e557     0xc  Code  ??  gd32f4xx_i2c.o [4]
i2c_deinit               0x800'e365    0x58  Code  ??  gd32f4xx_i2c.o [4]
i2c_enable               0x800'e539     0xa  Code  ??  gd32f4xx_i2c.o [4]
i2c_flag_clear           0x800'e59d    0x42  Code  ??  gd32f4xx_i2c.o [4]
i2c_flag_get             0x800'e57d    0x20  Code  ??  gd32f4xx_i2c.o [4]
i2c_master_addressing    0x800'e521    0x18  Code  ??  gd32f4xx_i2c.o [4]
i2c_mode_addr_config     0x800'e4f3    0x20  Code  ??  gd32f4xx_i2c.o [4]
i2c_start_on_bus         0x800'e543     0xa  Code  ??  gd32f4xx_i2c.o [4]
i2c_stop_on_bus          0x800'e54d     0xa  Code  ??  gd32f4xx_i2c.o [4]
image2_temp             0x2000'9760  0x1d60  Data  ??  Ex7_dci.o [1]
image2_use              0x2000'7a00  0x1d60  Data  ??  Ex7_dci.o [1]
image_raw               0x2003'0000  0x5820  Data  ??  main.o [5]
image_ready             0x2000'b931     0x1  Data  ??  Ex7_dci.o [1]
image_size              0x2000'b932     0x1  Data  ??  Ex7_dci.o [1]
image_use               0x2000'01e8  0x4600  Data  ??  Ex7_dci.o [1]
img2                    0x2000'4800  0x3200  Data  ??  Ex7_dci.o [1]
integral_error          0x2000'b904     0x4  Data  Lc  Project1_LineFollower.o [1]
isReversing             0x2000'b939     0x1  Data  Lc  Project1_LineFollower.o [1]
last_center             0x2000'00b0     0x4  Data  ??  Project1_LineFollower.o [1]
last_gte_ok             0x2000'b93b     0x1  Data  Lc  Project1_LineFollower.o [1]
ldexp                    0x800'e7b9          Code  ??  ldexp.o [9]
ldexpl                   0x800'e7b9          Code  ??  ldexp.o [9]
line_detection_count    0x2000'b92c     0x2  Data  ??  Project1_LineFollower.o [1]
line_type               0x2000'b92e     0x2  Data  ??  Project1_LineFollower.o [1]
localeconv               0x800'efe5     0x4  Code  ??  xlocale_c.o [8]
main                     0x801'3411    0x68  Code  ??  main.o [5]
max_dv                  0x2000'b926     0x2  Data  ??  Lab3_ccd.o [1]
max_dv_index            0x2000'b935     0x1  Data  ??  Lab3_ccd.o [1]
max_v                   0x2000'b922     0x2  Data  ??  Lab3_ccd.o [1]
max_v_index             0x2000'b933     0x1  Data  ??  Lab3_ccd.o [1]
memchr                   0x800'e689          Code  ??  memchr.o [10]
menu_id                 0x2000'b938     0x1  Data  ??  main.o [5]
menu_item0              0x2000'0000    0xa0  Data  ??  00_MENU.o [1]
min_dv                  0x2000'b928     0x2  Data  ??  Lab3_ccd.o [1]
min_dv_index            0x2000'b936     0x1  Data  ??  Lab3_ccd.o [1]
min_v                   0x2000'b924     0x2  Data  ??  Lab3_ccd.o [1]
min_v_index             0x2000'b934     0x1  Data  ??  Lab3_ccd.o [1]
needToStop              0x2000'b93a     0x1  Data  Lc  Project1_LineFollower.o [1]
nvic_irq_enable          0x801'0943    0xcc  Code  ??  gd32f4xx_misc.o [4]
nvic_priority_group_set
                         0x801'0939     0xa  Code  ??  gd32f4xx_misc.o [4]
obuf                    0x2000'b85c    0x50  Data  Lc  xfiles.o [8]
perform_action_based_on_line_type
                         0x801'14d5    0x2e  Code  ??  Project1_LineFollower.o [1]
pit_counter1            0x2000'b920     0x2  Data  Lc  hsp_timer.o [2]
pmu_backup_write_enable
                         0x800'c291     0xc  Code  ??  gd32f4xx_pmu.o [4]
prescaler_a             0x2000'b8f8     0x4  Data  ??  hsp_rtc.o [2]
prescaler_s             0x2000'b8fc     0x4  Data  ??  hsp_rtc.o [2]
printf                   0x801'224d    0x28  Code  ??  printf.o [8]
putchar                  0x801'352d    0x44  Code  ??  putchar.o [8]
rcu_all_reset_flag_clear
                         0x800'c255     0xc  Code  ??  gd32f4xx_rcu.o [4]
rcu_clock_freq_get       0x800'c135   0x100  Code  ??  gd32f4xx_rcu.o [4]
rcu_flag_get             0x800'c235    0x20  Code  ??  gd32f4xx_rcu.o [4]
rcu_osci_on              0x800'c10d    0x28  Code  ??  gd32f4xx_rcu.o [4]
rcu_osci_stab_wait       0x800'bf5f   0x1ae  Code  ??  gd32f4xx_rcu.o [4]
rcu_periph_clock_enable
                         0x800'beb5    0x28  Code  ??  gd32f4xx_rcu.o [4]
rcu_periph_reset_disable
                         0x800'bf05    0x28  Code  ??  gd32f4xx_rcu.o [4]
rcu_periph_reset_enable
                         0x800'bedd    0x28  Code  ??  gd32f4xx_rcu.o [4]
rcu_rtc_clock_config     0x800'bf2d    0x12  Code  ??  gd32f4xx_rcu.o [4]
rcu_timer_clock_prescaler_config
                         0x800'bf3f    0x20  Code  ??  gd32f4xx_rcu.o [4]
rtc_current_time_get     0x800'c409    0xa4  Code  ??  gd32f4xx_rtc.o [4]
rtc_init                 0x800'c2a1    0xb6  Code  ??  gd32f4xx_rtc.o [4]
rtc_init_mode_enter      0x800'c357    0x48  Code  ??  gd32f4xx_rtc.o [4]
rtc_init_mode_exit       0x800'c39f     0xe  Code  ??  gd32f4xx_rtc.o [4]
rtc_initpara1           0x2000'b8ac    0x14  Data  ??  00_MENU.o [1]
rtc_register_sync_wait   0x800'c3ad    0x5c  Code  ??  gd32f4xx_rtc.o [4]
rtc_week_day             0x800'c5ad    0x84  Code  ??  hsp_rtc.o [2]
rtclimit                 0x801'381c     0xc  Data  ??  00_MENU.o [1]
scalbln                  0x800'e7b9          Code  ??  ldexp.o [9]
scalblnl                 0x800'e7b9          Code  ??  ldexp.o [9]
scalbn                   0x800'e7b9          Code  ??  ldexp.o [9]
scalbnl                  0x800'e7b9          Code  ??  ldexp.o [9]
scale                    0x800'e297    0x46  Code  Lc  xprintffull_nomb.o [8]
sec_hand                0x2000'b90c     0x4  Data  Lc  xfail_s.o [8]
seg7_table              0x2000'00a0    0x10  Data  Lc  HSP_CAT9555.o [7]
show_menu_cursor         0x800'a221    0xb6  Code  ??  00_MENU.o [1]
spi_dma_enable           0x800'cdb3    0x24  Code  ??  gd32f4xx_spi.o [4]
spi_enable               0x800'cda9     0xa  Code  ??  gd32f4xx_spi.o [4]
spi_init                 0x800'cd6d    0x3c  Code  ??  gd32f4xx_spi.o [4]
sprintf                  0x800'c651    0x40  Code  ??  sprintf.o [8]
sqrt                     0x801'2dd1          Code  ??  sqrt.o [9]
sqrtl                    0x801'2dd1          Code  ??  sqrt.o [9]
store                   0x2000'b7b8    0x50  Data  Lc  xxwritebuffered.o [8]
storeLen                0x2000'b808     0x4  Data  Lc  xxwritebuffered.o [8]
strchr                   0x800'e5f9          Code  ??  strchr.o [10]
strlen                   0x800'e651          Code  ??  strlen.o [10]
sys_tick_counter        0x2000'b900     0x4  Data  ??  main.o [5]
system_clock_240m_8m_hxtal
                         0x801'3257    0xa4  Code  Lc  system_gd32f4xx.o [3]
system_clock_config      0x801'324f     0x8  Code  Lc  system_gd32f4xx.o [3]
systick_config           0x800'be59    0x24  Code  ??  systick.o [5]
tQESVar                 0x2000'b912     0x2  Data  ??  00_MENU.o [1]
tft_ascii                0x801'0a20   0x5f0  Data  ??  HSP_TFT18.o [7]
timer_auto_reload_shadow_enable
                         0x800'f47d     0xa  Code  ??  gd32f4xx_timer.o [4]
timer_channel_input_capture_prescaler_config
                         0x800'fc21    0xae  Code  ??  gd32f4xx_timer.o [4]
timer_channel_input_struct_para_init
                         0x800'f9c7    0x12  Code  ??  gd32f4xx_timer.o [4]
timer_channel_output_config
                         0x800'f4e1   0x31c  Code  ??  gd32f4xx_timer.o [4]
timer_channel_output_mode_config
                         0x800'f835    0xae  Code  ??  gd32f4xx_timer.o [4]
timer_channel_output_pulse_value_config
                         0x800'f8e3    0x36  Code  ??  gd32f4xx_timer.o [4]
timer_channel_output_shadow_config
                         0x800'f919    0xae  Code  ??  gd32f4xx_timer.o [4]
timer_channel_output_struct_para_init
                         0x800'f4c7    0x1a  Code  ??  gd32f4xx_timer.o [4]
timer_counter_read       0x800'f48f     0xc  Code  ??  gd32f4xx_timer.o [4]
timer_counter_value_config
                         0x800'f487     0x8  Code  ??  gd32f4xx_timer.o [4]
timer_deinit             0x800'f23d   0x17a  Code  ??  gd32f4xx_timer.o [4]
timer_enable             0x800'f473     0xa  Code  ??  gd32f4xx_timer.o [4]
timer_init               0x800'f3d3    0xa0  Code  ??  gd32f4xx_timer.o [4]
timer_input_capture_config
                         0x800'f9d9   0x248  Code  ??  gd32f4xx_timer.o [4]
timer_interrupt_flag_clear
                         0x800'fd75     0xa  Code  ??  gd32f4xx_timer.o [4]
timer_interrupt_flag_get
                         0x800'fd55    0x20  Code  ??  gd32f4xx_timer.o [4]
timer_primary_output_config
                         0x800'f49b    0x2c  Code  ??  gd32f4xx_timer.o [4]
timer_quadrature_decoder_mode_config
                         0x800'fccf    0x80  Code  ??  gd32f4xx_timer.o [4]
timer_struct_para_init   0x800'f3b7    0x1c  Code  ??  gd32f4xx_timer.o [4]
usart_data_transmit      0x801'1d5d     0xe  Code  ??  gd32f4xx_usart.o [4]
usart_flag_get           0x801'1d6b    0x20  Code  ??  gd32f4xx_usart.o [4]


[1] = D:\Files\SJTU\second_second\engineering4-D\HSPv2 _C8\Debug\Obj\App_2489385672134236918.dir
[2] = D:\Files\SJTU\second_second\engineering4-D\HSPv2 _C8\Debug\Obj\Board_7221520210927654578.dir
[3] = D:\Files\SJTU\second_second\engineering4-D\HSPv2 _C8\Debug\Obj\CMSIS_13545061835669826545.dir
[4] = D:\Files\SJTU\second_second\engineering4-D\HSPv2 _C8\Debug\Obj\GD32F470_Peripherals_11143062579488607573.dir
[5] = D:\Files\SJTU\second_second\engineering4-D\HSPv2 _C8\Debug\Obj\Main_13238667732884069010.dir
[6] = D:\Files\SJTU\second_second\engineering4-D\HSPv2 _C8\Debug\Obj\Startup_17868067532763321386.dir
[7] = D:\Files\SJTU\second_second\engineering4-D\HSPv2 _C8\Debug\Obj\Utilities_17002154029713865955.dir
[8] = dl7M_tlf.a
[9] = m7M_tls.a
[10] = rt7M_tl.a
[11] = shb_l.a

  36'775 bytes of readonly  code memory
  43'839 bytes of readonly  data memory
  55'612 bytes of readwrite data memory (+ 22'560 absolute)

Errors: none
Warnings: none
